Archive member included because of file (symbol)

c:/siliconlabs/simplicitystudio/v3_3/developer/toolchains/gnu_arm/4.8_2013q4/bin/../lib/gcc/arm-none-eabi/4.8.3/armv7e-m/softfp\libgcc.a(_aeabi_uldivmod.o)
                              ./Drivers/em_usart.o (__aeabi_uldivmod)
c:/siliconlabs/simplicitystudio/v3_3/developer/toolchains/gnu_arm/4.8_2013q4/bin/../lib/gcc/arm-none-eabi/4.8.3/armv7e-m/softfp\libgcc.a(bpabi.o)
                              c:/siliconlabs/simplicitystudio/v3_3/developer/toolchains/gnu_arm/4.8_2013q4/bin/../lib/gcc/arm-none-eabi/4.8.3/armv7e-m/softfp\libgcc.a(_aeabi_uldivmod.o) (__gnu_uldivmod_helper)
c:/siliconlabs/simplicitystudio/v3_3/developer/toolchains/gnu_arm/4.8_2013q4/bin/../lib/gcc/arm-none-eabi/4.8.3/armv7e-m/softfp\libgcc.a(_dvmd_tls.o)
                              c:/siliconlabs/simplicitystudio/v3_3/developer/toolchains/gnu_arm/4.8_2013q4/bin/../lib/gcc/arm-none-eabi/4.8.3/armv7e-m/softfp\libgcc.a(_aeabi_uldivmod.o) (__aeabi_ldiv0)
c:/siliconlabs/simplicitystudio/v3_3/developer/toolchains/gnu_arm/4.8_2013q4/bin/../lib/gcc/arm-none-eabi/4.8.3/armv7e-m/softfp\libgcc.a(_divdi3.o)
                              c:/siliconlabs/simplicitystudio/v3_3/developer/toolchains/gnu_arm/4.8_2013q4/bin/../lib/gcc/arm-none-eabi/4.8.3/armv7e-m/softfp\libgcc.a(bpabi.o) (__divdi3)
c:/siliconlabs/simplicitystudio/v3_3/developer/toolchains/gnu_arm/4.8_2013q4/bin/../lib/gcc/arm-none-eabi/4.8.3/armv7e-m/softfp\libgcc.a(_udivdi3.o)
                              c:/siliconlabs/simplicitystudio/v3_3/developer/toolchains/gnu_arm/4.8_2013q4/bin/../lib/gcc/arm-none-eabi/4.8.3/armv7e-m/softfp\libgcc.a(bpabi.o) (__udivdi3)
c:/siliconlabs/simplicitystudio/v3_3/developer/toolchains/gnu_arm/4.8_2013q4/bin/../lib/gcc/arm-none-eabi/4.8.3/../../../../arm-none-eabi/lib/armv7e-m/softfp\libc_s.a(lib_a-abs.o)
                              ./Drivers/segmentlcd.o (abs)
c:/siliconlabs/simplicitystudio/v3_3/developer/toolchains/gnu_arm/4.8_2013q4/bin/../lib/gcc/arm-none-eabi/4.8.3/../../../../arm-none-eabi/lib/armv7e-m/softfp\libc_s.a(lib_a-exit.o)
                              c:/siliconlabs/simplicitystudio/v3_3/developer/toolchains/gnu_arm/4.8_2013q4/bin/../lib/gcc/arm-none-eabi/4.8.3/../../../../arm-none-eabi/lib/armv7e-m/softfp/crt0.o (exit)
c:/siliconlabs/simplicitystudio/v3_3/developer/toolchains/gnu_arm/4.8_2013q4/bin/../lib/gcc/arm-none-eabi/4.8.3/../../../../arm-none-eabi/lib/armv7e-m/softfp\libc_s.a(lib_a-impure.o)
                              c:/siliconlabs/simplicitystudio/v3_3/developer/toolchains/gnu_arm/4.8_2013q4/bin/../lib/gcc/arm-none-eabi/4.8.3/../../../../arm-none-eabi/lib/armv7e-m/softfp\libc_s.a(lib_a-exit.o) (_global_impure_ptr)
c:/siliconlabs/simplicitystudio/v3_3/developer/toolchains/gnu_arm/4.8_2013q4/bin/../lib/gcc/arm-none-eabi/4.8.3/../../../../arm-none-eabi/lib/armv7e-m/softfp\libc_s.a(lib_a-init.o)
                              c:/siliconlabs/simplicitystudio/v3_3/developer/toolchains/gnu_arm/4.8_2013q4/bin/../lib/gcc/arm-none-eabi/4.8.3/../../../../arm-none-eabi/lib/armv7e-m/softfp/crt0.o (__libc_init_array)
c:/siliconlabs/simplicitystudio/v3_3/developer/toolchains/gnu_arm/4.8_2013q4/bin/../lib/gcc/arm-none-eabi/4.8.3/../../../../arm-none-eabi/lib/armv7e-m/softfp\libc_s.a(lib_a-memset.o)
                              c:/siliconlabs/simplicitystudio/v3_3/developer/toolchains/gnu_arm/4.8_2013q4/bin/../lib/gcc/arm-none-eabi/4.8.3/../../../../arm-none-eabi/lib/armv7e-m/softfp/crt0.o (memset)
c:/siliconlabs/simplicitystudio/v3_3/developer/toolchains/gnu_arm/4.8_2013q4/bin/../lib/gcc/arm-none-eabi/4.8.3/../../../../arm-none-eabi/lib/armv7e-m/softfp\libc_s.a(lib_a-setvbuf.o)
                              ./src/retargetvirtual.o (setvbuf)
c:/siliconlabs/simplicitystudio/v3_3/developer/toolchains/gnu_arm/4.8_2013q4/bin/../lib/gcc/arm-none-eabi/4.8.3/../../../../arm-none-eabi/lib/armv7e-m/softfp\libc_s.a(lib_a-snprintf.o)
                              ./src/touchdemo.o (snprintf)
c:/siliconlabs/simplicitystudio/v3_3/developer/toolchains/gnu_arm/4.8_2013q4/bin/../lib/gcc/arm-none-eabi/4.8.3/../../../../arm-none-eabi/lib/armv7e-m/softfp\libc_s.a(lib_a-sprintf.o)
                              ./src/touchdemo.o (sprintf)
c:/siliconlabs/simplicitystudio/v3_3/developer/toolchains/gnu_arm/4.8_2013q4/bin/../lib/gcc/arm-none-eabi/4.8.3/../../../../arm-none-eabi/lib/armv7e-m/softfp\libc_s.a(lib_a-strlen.o)
                              ./src/touchdemo.o (strlen)
c:/siliconlabs/simplicitystudio/v3_3/developer/toolchains/gnu_arm/4.8_2013q4/bin/../lib/gcc/arm-none-eabi/4.8.3/../../../../arm-none-eabi/lib/armv7e-m/softfp\libc_s.a(lib_a-svfprintf.o)
                              c:/siliconlabs/simplicitystudio/v3_3/developer/toolchains/gnu_arm/4.8_2013q4/bin/../lib/gcc/arm-none-eabi/4.8.3/../../../../arm-none-eabi/lib/armv7e-m/softfp\libc_s.a(lib_a-snprintf.o) (_svfprintf_r)
[...]
Memory Configuration

Name             Origin             Length             Attributes
FLASH            0x00000000         0x00040000         xr
RAM              0x20000000         0x00008000         xrw
*default*        0x00000000         0xffffffff

Linker script and memory map

LOAD c:/siliconlabs/simplicitystudio/v3_3/developer/toolchains/gnu_arm/4.8_2013q4/bin/../lib/gcc/arm-none-eabi/4.8.3/armv7e-m/softfp/crti.o
LOAD c:/siliconlabs/simplicitystudio/v3_3/developer/toolchains/gnu_arm/4.8_2013q4/bin/../lib/gcc/arm-none-eabi/4.8.3/armv7e-m/softfp/crtbegin.o
LOAD c:/siliconlabs/simplicitystudio/v3_3/developer/toolchains/gnu_arm/4.8_2013q4/bin/../lib/gcc/arm-none-eabi/4.8.3/../../../../arm-none-eabi/lib/armv7e-m/softfp/crt0.o
LOAD ./src/retargetvirtual.o
LOAD ./src/touchdemo.o
LOAD ./emlib/em_acmp.o
LOAD ./emlib/em_assert.o
LOAD ./emlib/em_cmu.o
LOAD ./emlib/em_emu.o
LOAD ./emlib/em_gpio.o
LOAD ./emlib/em_int.o
LOAD ./emlib/em_lcd.o
LOAD ./emlib/em_lesense.o
LOAD ./emlib/em_rtc.o
LOAD ./emlib/em_system.o
LOAD ./emlib/em_vcmp.o
LOAD ./Drivers/caplesense.o
LOAD ./Drivers/em_usart.o
LOAD ./Drivers/retargetserial.o
LOAD ./Drivers/rtcdriver.o
LOAD ./Drivers/segmentlcd.o
LOAD ./Drivers/vddcheck.o
LOAD ./CMSIS/efm32wg/startup_efm32wg.o
LOAD ./CMSIS/efm32wg/system_efm32wg.o
LOAD ./BSP/bsp_trace.o
START GROUP
LOAD c:/siliconlabs/simplicitystudio/v3_3/developer/toolchains/gnu_arm/4.8_2013q4/bin/../lib/gcc/arm-none-eabi/4.8.3/armv7e-m/softfp\libgcc.a
LOAD c:/siliconlabs/simplicitystudio/v3_3/developer/toolchains/gnu_arm/4.8_2013q4/bin/../lib/gcc/arm-none-eabi/4.8.3/../../../../arm-none-eabi/lib/armv7e-m/softfp\libc_s.a
LOAD c:/siliconlabs/simplicitystudio/v3_3/developer/toolchains/gnu_arm/4.8_2013q4/bin/../lib/gcc/arm-none-eabi/4.8.3/../../../../arm-none-eabi/lib/armv7e-m/softfp\libnosys.a
END GROUP
START GROUP
LOAD c:/siliconlabs/simplicitystudio/v3_3/developer/toolchains/gnu_arm/4.8_2013q4/bin/../lib/gcc/arm-none-eabi/4.8.3/armv7e-m/softfp\libgcc.a
LOAD c:/siliconlabs/simplicitystudio/v3_3/developer/toolchains/gnu_arm/4.8_2013q4/bin/../lib/gcc/arm-none-eabi/4.8.3/../../../../arm-none-eabi/lib/armv7e-m/softfp\libg_s.a
LOAD c:/siliconlabs/simplicitystudio/v3_3/developer/toolchains/gnu_arm/4.8_2013q4/bin/../lib/gcc/arm-none-eabi/4.8.3/../../../../arm-none-eabi/lib/armv7e-m/softfp\libc_s.a
END GROUP
START GROUP
LOAD c:/siliconlabs/simplicitystudio/v3_3/developer/toolchains/gnu_arm/4.8_2013q4/bin/../lib/gcc/arm-none-eabi/4.8.3/armv7e-m/softfp\libgcc.a
LOAD c:/siliconlabs/simplicitystudio/v3_3/developer/toolchains/gnu_arm/4.8_2013q4/bin/../lib/gcc/arm-none-eabi/4.8.3/../../../../arm-none-eabi/lib/armv7e-m/softfp\libc_s.a
END GROUP
LOAD c:/siliconlabs/simplicitystudio/v3_3/developer/toolchains/gnu_arm/4.8_2013q4/bin/../lib/gcc/arm-none-eabi/4.8.3/armv7e-m/softfp/crtend.o
LOAD c:/siliconlabs/simplicitystudio/v3_3/developer/toolchains/gnu_arm/4.8_2013q4/bin/../lib/gcc/arm-none-eabi/4.8.3/armv7e-m/softfp/crtn.o

.text           0x00000000     0x66a8
 *(.vectors)
 .vectors       0x00000000       0xe0 ./CMSIS/efm32wg/startup_efm32wg.o
                0x00000000                __Vectors
                0x000000e0                __Vectors_End = .
                0x000000e0                __Vectors_Size = (__Vectors_End - __Vectors)
                0x000000e0                __end__ = .
 *(.text*)
 .text          0x000000e0       0x54 c:/siliconlabs/simplicitystudio/v3_3/developer/toolchains/gnu_arm/4.8_2013q4/bin/../lib/gcc/arm-none-eabi/4.8.3/armv7e-m/softfp/crtbegin.o
 .text          0x00000134       0x74 c:/siliconlabs/simplicitystudio/v3_3/developer/toolchains/gnu_arm/4.8_2013q4/bin/../lib/gcc/arm-none-eabi/4.8.3/../../../../arm-none-eabi/lib/armv7e-m/softfp/crt0.o
                0x00000134                _start
                0x00000134                _mainCRTStartup
 .text.UART0_RX_IRQHandler
                0x000001a8       0x74 ./src/retargetvirtual.o
                0x000001a8                UART0_RX_IRQHandler
 .text.NVIC_EnableIRQ
                0x0000021c       0x30 ./src/touchdemo.o
 .text.NVIC_ClearPendingIRQ
                0x0000024c       0x34 ./src/touchdemo.o
 .text.SystemCoreClockUpdate
                0x00000280        0xc ./src/touchdemo.o
 .text.GPIO_IntClear
                0x0000028c       0x20 ./src/touchdemo.o
 .text.GPIO_IntConfig
                0x000002ac       0x2c ./src/touchdemo.o
 .text.CHIP_Init
                0x000002d8        0xc ./src/touchdemo.o
 .text.GPIO_ODD_IRQHandler
                0x000002e4       0x40 ./src/touchdemo.o
                0x000002e4                GPIO_ODD_IRQHandler
 .text.GPIO_EVEN_IRQHandler
                0x00000324       0x3c ./src/touchdemo.o
                0x00000324                GPIO_EVEN_IRQHandler
 .text.gpioSetup
                0x00000360       0x68 ./src/touchdemo.o
                0x00000360                gpioSetup
 .text.USART1Setup
                0x000003c8       0xe4 ./src/touchdemo.o
                0x000003c8                USART1Setup
 .text.capSenseAringUpdate
                0x000004ac       0x60 ./src/touchdemo.o
                0x000004ac                capSenseAringUpdate
 .text.capSenseBars
                0x0000050c       0xac ./src/touchdemo.o
                0x0000050c                capSenseBars
 .text.capSenseValues
                0x000005b8       0xdc ./src/touchdemo.o
                0x000005b8                capSenseValues
 .text.capSenseScrollText
                0x00000694       0x80 ./src/touchdemo.o
                0x00000694                capSenseScrollText
 .text.capSenseDemo
                0x00000714      0x134 ./src/touchdemo.o
                0x00000714                capSenseDemo
 .text.capSenseTimerFired
                0x00000848       0x20 ./src/touchdemo.o
                0x00000848                capSenseTimerFired
 .text.capSenseScanComplete
                0x00000868        0xc ./src/touchdemo.o
                0x00000868                capSenseScanComplete
 .text.capSenseChTrigger
                0x00000874       0x18 ./src/touchdemo.o
                0x00000874                capSenseChTrigger
 .text.USART_TxString
                0x0000088c       0x38 ./src/touchdemo.o
                0x0000088c                USART_TxString
 .text.Print_Touch
                0x000008c4       0x28 ./src/touchdemo.o
                0x000008c4                Print_Touch
 .text.main     0x000008ec       0x28 ./src/touchdemo.o
                0x000008ec                main
 .text.BUS_RegBitWrite
                0x00000914       0x2c ./emlib/em_acmp.o
 .text.BUS_RegMaskedWrite
                0x00000940       0x28 ./emlib/em_acmp.o
 .text.ACMP_CapsenseInit
                0x00000968       0x8c ./emlib/em_acmp.o
                0x00000968                ACMP_CapsenseInit
 .text.ACMP_GPIOSetup
                0x000009f4       0x4c ./emlib/em_acmp.o
                0x000009f4                ACMP_GPIOSetup
 .text.BUS_RegBitWrite
                0x00000a40       0x2c ./emlib/em_cmu.o
 .text.BUS_RegBitRead
                0x00000a6c       0x2c ./emlib/em_cmu.o
 .text.CMU_DivToLog2
                0x00000a98       0x34 ./emlib/em_cmu.o
 .text.SYSTEM_GetProdRev
                0x00000acc       0x1c ./emlib/em_cmu.o
 .text.setHfLeConfig
                0x00000ae8       0x3c ./emlib/em_cmu.o
 .text.getHfLeConfig
                0x00000b24       0x2c ./emlib/em_cmu.o
 .text.auxClkGet
                0x00000b50       0xb0 ./emlib/em_cmu.o
 .text.dbgClkGet
                0x00000c00       0x40 ./emlib/em_cmu.o
 .text.flashWaitStateControl
                0x00000c40       0xb8 ./emlib/em_cmu.o
 .text.flashWaitStateMax
                0x00000cf8       0x14 ./emlib/em_cmu.o
 .text.lfClkGet
                0x00000d0c       0xec ./emlib/em_cmu.o
 .text.syncReg  0x00000df8       0x34 ./emlib/em_cmu.o
 .text.usbCClkGet
                0x00000e2c       0x4c ./emlib/em_cmu.o
 .text.CMU_ClockDivSet
                0x00000e78      0x22c ./emlib/em_cmu.o
                0x00000e78                CMU_ClockDivSet
 .text.CMU_ClockEnable
                0x000010a4       0xd4 ./emlib/em_cmu.o
                0x000010a4                CMU_ClockEnable
 .text.CMU_ClockFreqGet
                0x00001178      0x1d8 ./emlib/em_cmu.o
                0x00001178                CMU_ClockFreqGet
 .text.CMU_ClockSelectGet
                0x00001350      0x160 ./emlib/em_cmu.o
                0x00001350                CMU_ClockSelectGet
 .text.CMU_ClockSelectSet
                0x000014b0      0x298 ./emlib/em_cmu.o
                0x000014b0                CMU_ClockSelectSet
 .text.CMU_LCDClkFDIVSet
                0x00001748       0x3c ./emlib/em_cmu.o
                0x00001748                CMU_LCDClkFDIVSet
 .text.CMU_OscillatorEnable
                0x00001784       0xc0 ./emlib/em_cmu.o
                0x00001784                CMU_OscillatorEnable
 .text.SystemCoreClockUpdate
                0x00001844        0xc ./emlib/em_emu.o
 .text.CMU_Lock
                0x00001850       0x18 ./emlib/em_emu.o
 .text.CMU_Unlock
                0x00001868       0x1c ./emlib/em_emu.o
 .text.emuRestore
                0x00001884       0xf0 ./emlib/em_emu.o
 .text.getErrataFixEmuE107En
                0x00001974       0x58 ./emlib/em_emu.o
 .text.EMU_EnterEM2
                0x000019cc       0x9c ./emlib/em_emu.o
                0x000019cc                EMU_EnterEM2
 .text.EMU_UpdateOscConfig
                0x00001a68       0x1c ./emlib/em_emu.o
                0x00001a68                EMU_UpdateOscConfig
 .text.BUS_RegBitWrite
                0x00001a84       0x2c ./emlib/em_gpio.o
 .text.BUS_RegMaskedWrite
                0x00001ab0       0x28 ./emlib/em_gpio.o
 .text.GPIO_PinOutClear
                0x00001ad8       0x58 ./emlib/em_gpio.o
 .text.GPIO_PinOutSet
                0x00001b30       0x58 ./emlib/em_gpio.o
 .text.GPIO_DriveModeSet
                0x00001b88       0x70 ./emlib/em_gpio.o
                0x00001b88                GPIO_DriveModeSet
 .text.GPIO_ExtIntConfig
                0x00001bf8       0xcc ./emlib/em_gpio.o
                0x00001bf8                GPIO_ExtIntConfig
 .text.GPIO_PinModeSet
                0x00001cc4      0x110 ./emlib/em_gpio.o
                0x00001cc4                GPIO_PinModeSet
 .text.LCD_Enable
                0x00001dd4       0x38 ./emlib/em_lcd.o
 .text.BUS_RegBitWrite
                0x00001e0c       0x2c ./emlib/em_lcd.o
 .text.LCD_Init
                0x00001e38       0x70 ./emlib/em_lcd.o
                0x00001e38                LCD_Init
 .text.LCD_VLCDSelect
                0x00001ea8       0x44 ./emlib/em_lcd.o
                0x00001ea8                LCD_VLCDSelect
 .text.LCD_SegmentRangeEnable
                0x00001eec       0x40 ./emlib/em_lcd.o
                0x00001eec                LCD_SegmentRangeEnable
 .text.LCD_SegmentSet
                0x00001f2c      0x1e4 ./emlib/em_lcd.o
                0x00001f2c                LCD_SegmentSet
 .text.LCD_SegmentSetLow
                0x00002110      0x17c ./emlib/em_lcd.o
                0x00002110                LCD_SegmentSetLow
 .text.LCD_SegmentSetHigh
                0x0000228c      0x17c ./emlib/em_lcd.o
                0x0000228c                LCD_SegmentSetHigh
 .text.LCD_VBoostSet
                0x00002408       0x28 ./emlib/em_lcd.o
                0x00002408                LCD_VBoostSet
 .text.BUS_RegBitWrite
                0x00002430       0x2c ./emlib/em_lesense.o
 .text.LESENSE_Init
                0x0000245c      0x168 ./emlib/em_lesense.o
                0x0000245c                LESENSE_Init
 .text.LESENSE_ScanFreqSet
                0x000025c4       0xbc ./emlib/em_lesense.o
                0x000025c4                LESENSE_ScanFreqSet
 .text.LESENSE_ScanModeSet
                0x00002680       0x3c ./emlib/em_lesense.o
                0x00002680                LESENSE_ScanModeSet
 .text.LESENSE_StartDelaySet
                0x000026bc       0x34 ./emlib/em_lesense.o
                0x000026bc                LESENSE_StartDelaySet
 .text.LESENSE_ClkDivSet
                0x000026f0       0x60 ./emlib/em_lesense.o
                0x000026f0                LESENSE_ClkDivSet
 .text.LESENSE_ChannelAllConfig
                0x00002750       0x30 ./emlib/em_lesense.o
                0x00002750                LESENSE_ChannelAllConfig
 .text.LESENSE_ChannelConfig
                0x00002780      0x168 ./emlib/em_lesense.o
                0x00002780                LESENSE_ChannelConfig
 .text.LESENSE_ChannelTimingSet
                0x000028e8       0x38 ./emlib/em_lesense.o
                0x000028e8                LESENSE_ChannelTimingSet
 .text.LESENSE_ChannelThresSet
                0x00002920       0x78 ./emlib/em_lesense.o
                0x00002920                LESENSE_ChannelThresSet
 .text.LESENSE_DecoderStateSet
                0x00002998       0x20 ./emlib/em_lesense.o
                0x00002998                LESENSE_DecoderStateSet
 .text.LESENSE_ScanStart
                0x000029b8       0x34 ./emlib/em_lesense.o
                0x000029b8                LESENSE_ScanStart
 .text.LESENSE_ScanStop
                0x000029ec       0x34 ./emlib/em_lesense.o
                0x000029ec                LESENSE_ScanStop
 .text.LESENSE_ResultBufferClear
                0x00002a20       0x34 ./emlib/em_lesense.o
                0x00002a20                LESENSE_ResultBufferClear
 .text.LESENSE_Reset
                0x00002a54       0xec ./emlib/em_lesense.o
                0x00002a54                LESENSE_Reset
 .text.BUS_RegBitWrite
                0x00002b40       0x2c ./emlib/em_rtc.o
 .text.RTC_CompareGet
                0x00002b6c       0x3c ./emlib/em_rtc.o
                0x00002b6c                RTC_CompareGet
 .text.RTC_CompareSet
                0x00002ba8       0x4c ./emlib/em_rtc.o
                0x00002ba8                RTC_CompareSet
 .text.RTC_Enable
                0x00002bf4       0x20 ./emlib/em_rtc.o
                0x00002bf4                RTC_Enable
 .text.RTC_Init
                0x00002c14       0x50 ./emlib/em_rtc.o
                0x00002c14                RTC_Init
 .text.RTC_CounterReset
                0x00002c64       0x14 ./emlib/em_rtc.o
                0x00002c64                RTC_CounterReset
 .text.VCMP_Ready
                0x00002c78       0x24 ./emlib/em_vcmp.o
 .text.VCMP_IntClear
                0x00002c9c       0x1c ./emlib/em_vcmp.o
 .text.VCMP_Init
                0x00002cb8      0x1a4 ./emlib/em_vcmp.o
                0x00002cb8                VCMP_Init
 .text.VCMP_LowPowerRefSet
                0x00002e5c       0x3c ./emlib/em_vcmp.o
                0x00002e5c                VCMP_LowPowerRefSet
 .text.VCMP_TriggerSet
                0x00002e98       0x34 ./emlib/em_vcmp.o
                0x00002e98                VCMP_TriggerSet
 .text.NVIC_EnableIRQ
                0x00002ecc       0x30 ./Drivers/caplesense.o
 .text.SystemCoreClockUpdate
                0x00002efc        0xc ./Drivers/caplesense.o
 .text.INT_Disable
                0x00002f08       0x2c ./Drivers/caplesense.o
 .text.INT_Enable
                0x00002f34       0x3c ./Drivers/caplesense.o
 .text.LESENSE_StatusGet
                0x00002f70       0x18 ./Drivers/caplesense.o
 .text.LESENSE_ScanResultDataGet
                0x00002f88       0x18 ./Drivers/caplesense.o
 .text.LESENSE_ScanResultDataBufferGet
                0x00002fa0       0x28 ./Drivers/caplesense.o
 .text.LESENSE_IntClear
                0x00002fc8       0x1c ./Drivers/caplesense.o
 .text.LESENSE_IntEnable
                0x00002fe4       0x24 ./Drivers/caplesense.o
 .text.LESENSE_IntDisable
                0x00003008       0x24 ./Drivers/caplesense.o
 .text.LESENSE_IntGetEnabled
                0x0000302c       0x24 ./Drivers/caplesense.o
 .text.CAPLESENSE_setupCMU
                0x00003050       0x7c ./Drivers/caplesense.o
                0x00003050                CAPLESENSE_setupCMU
 .text.CAPLESENSE_setupGPIO
                0x000030cc       0x40 ./Drivers/caplesense.o
                0x000030cc                CAPLESENSE_setupGPIO
 .text.CAPLESENSE_setupACMP
                0x0000310c       0x3c ./Drivers/caplesense.o
                0x0000310c                CAPLESENSE_setupACMP
 .text.CAPLESENSE_setupLESENSE
                0x00003148      0x194 ./Drivers/caplesense.o
                0x00003148                CAPLESENSE_setupLESENSE
 .text.CAPLESENSE_setupCallbacks
                0x000032dc       0x28 ./Drivers/caplesense.o
                0x000032dc                CAPLESENSE_setupCallbacks
 .text.LESENSE_IRQHandler
                0x00003304       0xdc ./Drivers/caplesense.o
                0x00003304                LESENSE_IRQHandler
 .text.CAPLESENSE_getSegmentChannel
                0x000033e0       0x40 ./Drivers/caplesense.o
                0x000033e0                CAPLESENSE_getSegmentChannel
 .text.CAPLESENSE_getNormalizedVal
                0x00003420       0x38 ./Drivers/caplesense.o
                0x00003420                CAPLESENSE_getNormalizedVal
 .text.CAPLESENSE_getSliderPosition
                0x00003458      0x160 ./Drivers/caplesense.o
                0x00003458                CAPLESENSE_getSliderPosition
 .text.CAPLESENSE_Sleep
                0x000035b8        0xc ./Drivers/caplesense.o
                0x000035b8                CAPLESENSE_Sleep
 .text.CAPLESENSE_Init
                0x000035c4       0x2c ./Drivers/caplesense.o
                0x000035c4                CAPLESENSE_Init
 .text.USART_BaudrateAsyncSet
                0x000035f0       0xb0 ./Drivers/em_usart.o
                0x000035f0                USART_BaudrateAsyncSet
 .text.USART_InitAsync
                0x000036a0       0xb4 ./Drivers/em_usart.o
                0x000036a0                USART_InitAsync
 .text.USART_InitPrsTrigger
                0x00003754       0x60 ./Drivers/em_usart.o
                0x00003754                USART_InitPrsTrigger
 .text.USART_Reset
                0x000037b4       0xb0 ./Drivers/em_usart.o
                0x000037b4                USART_Reset
 .text.USART_Rx
                0x00003864       0x28 ./Drivers/em_usart.o
                0x00003864                USART_Rx
 .text.USART_Tx
                0x0000388c       0x2c ./Drivers/em_usart.o
                0x0000388c                USART_Tx
 .text.USART1_RX_IRQHandler
                0x000038b8       0x74 ./Drivers/retargetserial.o
                0x000038b8                USART1_RX_IRQHandler
 .text.NVIC_EnableIRQ
                0x0000392c       0x30 ./Drivers/rtcdriver.o
 .text.NVIC_ClearPendingIRQ
                0x0000395c       0x34 ./Drivers/rtcdriver.o
 .text.INT_Disable
                0x00003990       0x2c ./Drivers/rtcdriver.o
 .text.INT_Enable
                0x000039bc       0x3c ./Drivers/rtcdriver.o
 .text.RTC_CounterGet
                0x000039f8       0x18 ./Drivers/rtcdriver.o
 .text.RTC_IntClear
                0x00003a10       0x1c ./Drivers/rtcdriver.o
 .text.RTC_IntDisable
                0x00003a2c       0x24 ./Drivers/rtcdriver.o
 .text.RTC_IntEnable
                0x00003a50       0x24 ./Drivers/rtcdriver.o
 .text.RTC_IntGet
                0x00003a74       0x18 ./Drivers/rtcdriver.o
 .text.RTCDRV_AllocateTimer
                0x00003a8c       0x88 ./Drivers/rtcdriver.o
                0x00003a8c                RTCDRV_AllocateTimer
 .text.RTCDRV_Init
                0x00003b14       0xa0 ./Drivers/rtcdriver.o
                0x00003b14                RTCDRV_Init
 .text.RTCDRV_StartTimer
                0x00003bb4      0x344 ./Drivers/rtcdriver.o
                0x00003bb4                RTCDRV_StartTimer
 .text.RTC_IRQHandler
                0x00003ef8       0xa4 ./Drivers/rtcdriver.o
                0x00003ef8                RTC_IRQHandler
 .text.checkAllTimers
                0x00003f9c      0x2a8 ./Drivers/rtcdriver.o
 .text.executeTimerCallbacks
                0x00004244       0x64 ./Drivers/rtcdriver.o
 .text.rescheduleRtc
                0x000042a8      0x10c ./Drivers/rtcdriver.o
 .text.LCD_Enable
                0x000043b4       0x38 ./Drivers/segmentlcd.o
 .text.LCD_FreezeEnable
                0x000043ec       0x2c ./Drivers/segmentlcd.o
 .text.LCD_SyncBusyDelay
                0x00004418       0x24 ./Drivers/segmentlcd.o
 .text.LCD_IntDisable
                0x0000443c       0x24 ./Drivers/segmentlcd.o
 .text.SegmentLCD_AllOff
                0x00004460       0xac ./Drivers/segmentlcd.o
                0x00004460                SegmentLCD_AllOff
 .text.SegmentLCD_AlphaNumberOff
                0x0000450c       0xa8 ./Drivers/segmentlcd.o
                0x0000450c                SegmentLCD_AlphaNumberOff
 .text.SegmentLCD_ARing
                0x000045b4       0x54 ./Drivers/segmentlcd.o
                0x000045b4                SegmentLCD_ARing
 .text.SegmentLCD_Disable
                0x00004608       0x28 ./Drivers/segmentlcd.o
                0x00004608                SegmentLCD_Disable
 .text.SegmentLCD_Init
                0x00004630       0xb8 ./Drivers/segmentlcd.o
                0x00004630                SegmentLCD_Init
 .text.SegmentLCD_Number
                0x000046e8      0x124 ./Drivers/segmentlcd.o
                0x000046e8                SegmentLCD_Number
 .text.SegmentLCD_NumberOff
                0x0000480c       0x50 ./Drivers/segmentlcd.o
                0x0000480c                SegmentLCD_NumberOff
 .text.SegmentLCD_Symbol
                0x0000485c      0x130 ./Drivers/segmentlcd.o
                0x0000485c                SegmentLCD_Symbol
 .text.SegmentLCD_Write
                0x0000498c       0xd8 ./Drivers/segmentlcd.o
                0x0000498c                SegmentLCD_Write
 .text.VCMP_Disable
                0x00004a64       0x1c ./Drivers/vddcheck.o
 .text.VCMP_VoltageToLevel
                0x00004a80       0x3c ./Drivers/vddcheck.o
 .text.VCMP_VDDHigher
                0x00004abc       0x24 ./Drivers/vddcheck.o
 .text.VCMP_Ready
                0x00004ae0       0x24 ./Drivers/vddcheck.o
 .text.VDDCHECK_Init
                0x00004b04       0x20 ./Drivers/vddcheck.o
                0x00004b04                VDDCHECK_Init
 .text.VDDCHECK_Disable
                0x00004b24       0x18 ./Drivers/vddcheck.o
                0x00004b24                VDDCHECK_Disable
 .text.VDDCHECK_LowVoltage
                0x00004b3c       0x70 ./Drivers/vddcheck.o
                0x00004b3c                VDDCHECK_LowVoltage
 .text          0x00004bac       0x30 ./CMSIS/efm32wg/startup_efm32wg.o
                0x00004bac                Reset_Handler
                0x00004bd8                DebugMon_Handler
                0x00004bd8                USART0_TX_IRQHandler
                0x00004bd8                I2C0_IRQHandler
                0x00004bd8                HardFault_Handler
                0x00004bd8                LEUART1_IRQHandler
                0x00004bd8                SysTick_Handler
                0x00004bd8                PendSV_Handler
                0x00004bd8                NMI_Handler
                0x00004bd8                I2C1_IRQHandler
                0x00004bd8                TIMER3_IRQHandler
                0x00004bd8                USART1_TX_IRQHandler
                0x00004bd8                MSC_IRQHandler
                0x00004bd8                ADC0_IRQHandler
                0x00004bd8                UsageFault_Handler
                0x00004bd8                LEUART0_IRQHandler
                0x00004bd8                FPUEH_IRQHandler
                0x00004bd8                UART0_TX_IRQHandler
                0x00004bd8                UART1_TX_IRQHandler
                0x00004bd8                TIMER0_IRQHandler
                0x00004bd8                TIMER2_IRQHandler
                0x00004bd8                LCD_IRQHandler
                0x00004bd8                PCNT2_IRQHandler
                0x00004bd8                LETIMER0_IRQHandler
                0x00004bd8                TIMER1_IRQHandler
                0x00004bd8                USART2_RX_IRQHandler
                0x00004bd8                Default_Handler
                0x00004bd8                EMU_IRQHandler
                0x00004bd8                PCNT0_IRQHandler
                0x00004bd8                USB_IRQHandler
                0x00004bd8                BURTC_IRQHandler
                0x00004bd8                PCNT1_IRQHandler
                0x00004bd8                ACMP0_IRQHandler
                0x00004bd8                USART0_RX_IRQHandler
                0x00004bd8                MemManage_Handler
                0x00004bd8                SVC_Handler
                0x00004bd8                DAC0_IRQHandler
                0x00004bd8                UART1_RX_IRQHandler
                0x00004bd8                CMU_IRQHandler
                0x00004bd8                EBI_IRQHandler
                0x00004bd8                AES_IRQHandler
                0x00004bd8                VCMP_IRQHandler
                0x00004bd8                DMA_IRQHandler
                0x00004bd8                BusFault_Handler
                0x00004bd8                USART2_TX_IRQHandler
 .text.GetProdRev
                0x00004bdc       0x1c ./CMSIS/efm32wg/system_efm32wg.o
 .text.SystemCoreClockGet
                0x00004bf8       0x34 ./CMSIS/efm32wg/system_efm32wg.o
                0x00004bf8                SystemCoreClockGet
 .text.SystemMaxCoreClockGet
                0x00004c2c       0x14 ./CMSIS/efm32wg/system_efm32wg.o
                0x00004c2c                SystemMaxCoreClockGet
 .text.SystemHFClockGet
                0x00004c40      0x100 ./CMSIS/efm32wg/system_efm32wg.o
                0x00004c40                SystemHFClockGet
 .text.SystemHFXOClockGet
                0x00004d40       0x18 ./CMSIS/efm32wg/system_efm32wg.o
                0x00004d40                SystemHFXOClockGet
 .text.SystemInit
                0x00004d58       0x20 ./CMSIS/efm32wg/system_efm32wg.o
                0x00004d58                SystemInit
 .text.SystemLFRCOClockGet
                0x00004d78       0x14 ./CMSIS/efm32wg/system_efm32wg.o
                0x00004d78                SystemLFRCOClockGet
 .text.SystemULFRCOClockGet
                0x00004d8c       0x14 ./CMSIS/efm32wg/system_efm32wg.o
                0x00004d8c                SystemULFRCOClockGet
 .text.SystemLFXOClockGet
                0x00004da0       0x18 ./CMSIS/efm32wg/system_efm32wg.o
                0x00004da0                SystemLFXOClockGet
 .text.BSP_TraceSwoSetup
                0x00004db8      0x114 ./BSP/bsp_trace.o
                0x00004db8                BSP_TraceSwoSetup
 .text.BSP_TraceProfilerSetup
                0x00004ecc       0x28 ./BSP/bsp_trace.o
                0x00004ecc                BSP_TraceProfilerSetup
 .text          0x00004ef4       0x2c c:/siliconlabs/simplicitystudio/v3_3/developer/toolchains/gnu_arm/4.8_2013q4/bin/../lib/gcc/arm-none-eabi/4.8.3/armv7e-m/softfp\libgcc.a(_aeabi_uldivmod.o)
                0x00004ef4                __aeabi_uldivmod
 .text          0x00004f20       0x60 c:/siliconlabs/simplicitystudio/v3_3/developer/toolchains/gnu_arm/4.8_2013q4/bin/../lib/gcc/arm-none-eabi/4.8.3/armv7e-m/softfp\libgcc.a(bpabi.o)
                0x00004f20                __gnu_ldivmod_helper
                0x00004f50                __gnu_uldivmod_helper
 .text          0x00004f80        0x4 c:/siliconlabs/simplicitystudio/v3_3/developer/toolchains/gnu_arm/4.8_2013q4/bin/../lib/gcc/arm-none-eabi/4.8.3/armv7e-m/softfp\libgcc.a(_dvmd_tls.o)
                0x00004f80                __aeabi_idiv0
                0x00004f80                __aeabi_ldiv0
 .text          0x00004f84      0x298 c:/siliconlabs/simplicitystudio/v3_3/developer/toolchains/gnu_arm/4.8_2013q4/bin/../lib/gcc/arm-none-eabi/4.8.3/armv7e-m/softfp\libgcc.a(_divdi3.o)
                0x00004f84                __divdi3
 .text          0x0000521c      0x284 c:/siliconlabs/simplicitystudio/v3_3/developer/toolchains/gnu_arm/4.8_2013q4/bin/../lib/gcc/arm-none-eabi/4.8.3/armv7e-m/softfp\libgcc.a(_udivdi3.o)
                0x0000521c                __udivdi3
 .text.abs      0x000054a0        0x8 c:/siliconlabs/simplicitystudio/v3_3/developer/toolchains/gnu_arm/4.8_2013q4/bin/../lib/gcc/arm-none-eabi/4.8.3/../../../../arm-none-eabi/lib/armv7e-m/softfp\libc_s.a(lib_a-abs.o)
                0x000054a0                abs
 .text.exit     0x000054a8       0x28 c:/siliconlabs/simplicitystudio/v3_3/developer/toolchains/gnu_arm/4.8_2013q4/bin/../lib/gcc/arm-none-eabi/4.8.3/../../../../arm-none-eabi/lib/armv7e-m/softfp\libc_s.a(lib_a-exit.o)
                0x000054a8                exit
 .text.__libc_init_array
                0x000054d0       0x4c c:/siliconlabs/simplicitystudio/v3_3/developer/toolchains/gnu_arm/4.8_2013q4/bin/../lib/gcc/arm-none-eabi/4.8.3/../../../../arm-none-eabi/lib/armv7e-m/softfp\libc_s.a(lib_a-init.o)
                0x000054d0                __libc_init_array
 .text.memset   0x0000551c       0x10 c:/siliconlabs/simplicitystudio/v3_3/developer/toolchains/gnu_arm/4.8_2013q4/bin/../lib/gcc/arm-none-eabi/4.8.3/../../../../arm-none-eabi/lib/armv7e-m/softfp\libc_s.a(lib_a-memset.o)
                0x0000551c                memset
 .text.snprintf
                0x0000552c       0x64 c:/siliconlabs/simplicitystudio/v3_3/developer/toolchains/gnu_arm/4.8_2013q4/bin/../lib/gcc/arm-none-eabi/4.8.3/../../../../arm-none-eabi/lib/armv7e-m/softfp\libc_s.a(lib_a-snprintf.o)
                0x0000552c                sniprintf
                0x0000552c                snprintf
 .text.sprintf  0x00005590       0x48 c:/siliconlabs/simplicitystudio/v3_3/developer/toolchains/gnu_arm/4.8_2013q4/bin/../lib/gcc/arm-none-eabi/4.8.3/../../../../arm-none-eabi/lib/armv7e-m/softfp\libc_s.a(lib_a-sprintf.o)
                0x00005590                siprintf
                0x00005590                sprintf
 .text.strlen   0x000055d8       0x10 c:/siliconlabs/simplicitystudio/v3_3/developer/toolchains/gnu_arm/4.8_2013q4/bin/../lib/gcc/arm-none-eabi/4.8.3/../../../../arm-none-eabi/lib/armv7e-m/softfp\libc_s.a(lib_a-strlen.o)
                0x000055d8                strlen
 .text.__ssputs_r
                0x000055e8       0xb8 c:/siliconlabs/simplicitystudio/v3_3/developer/toolchains/gnu_arm/4.8_2013q4/bin/../lib/gcc/arm-none-eabi/4.8.3/../../../../arm-none-eabi/lib/armv7e-m/softfp\libc_s.a(lib_a-svfprintf.o)
                0x000055e8                __ssputs_r
 .text._svfprintf_r
                0x000056a0      0x1dc c:/siliconlabs/simplicitystudio/v3_3/developer/toolchains/gnu_arm/4.8_2013q4/bin/../lib/gcc/arm-none-eabi/4.8.3/../../../../arm-none-eabi/lib/armv7e-m/softfp\libc_s.a(lib_a-svfprintf.o)
                0x000056a0                _svfiprintf_r
                0x000056a0                _svfprintf_r
 .text._printf_common
                0x0000587c       0xe4 c:/siliconlabs/simplicitystudio/v3_3/developer/toolchains/gnu_arm/4.8_2013q4/bin/../lib/gcc/arm-none-eabi/4.8.3/../../../../arm-none-eabi/lib/armv7e-m/softfp\libc_s.a(lib_a-vfprintf_i.o)
                0x0000587c                _printf_common
 .text._printf_i
                0x00005960      0x228 c:/siliconlabs/simplicitystudio/v3_3/developer/toolchains/gnu_arm/4.8_2013q4/bin/../lib/gcc/arm-none-eabi/4.8.3/../../../../arm-none-eabi/lib/armv7e-m/softfp\libc_s.a(lib_a-vfprintf_i.o)
                0x00005960                _printf_i
 .text.memchr   0x00005b88       0x1e c:/siliconlabs/simplicitystudio/v3_3/developer/toolchains/gnu_arm/4.8_2013q4/bin/../lib/gcc/arm-none-eabi/4.8.3/../../../../arm-none-eabi/lib/armv7e-m/softfp\libc_s.a(lib_a-memchr-stub.o)
                0x00005b88                memchr
 .text.memcpy   0x00005ba6       0x12 c:/siliconlabs/simplicitystudio/v3_3/developer/toolchains/gnu_arm/4.8_2013q4/bin/../lib/gcc/arm-none-eabi/4.8.3/../../../../arm-none-eabi/lib/armv7e-m/softfp\libc_s.a(lib_a-memcpy-stub.o)
                0x00005ba6                memcpy
 .text.memmove  0x00005bb8       0x36 c:/siliconlabs/simplicitystudio/v3_3/developer/toolchains/gnu_arm/4.8_2013q4/bin/../lib/gcc/arm-none-eabi/4.8.3/../../../../arm-none-eabi/lib/armv7e-m/softfp\libc_s.a(lib_a-memmove.o)
                0x00005bb8                memmove
 *fill*         0x00005bee        0x2 
 .text._free_r  0x00005bf0       0x88 c:/siliconlabs/simplicitystudio/v3_3/developer/toolchains/gnu_arm/4.8_2013q4/bin/../lib/gcc/arm-none-eabi/4.8.3/../../../../arm-none-eabi/lib/armv7e-m/softfp\libc_s.a(lib_a-nano-freer.o)
                0x00005bf0                _free_r
 .text._malloc_r
                0x00005c78       0xa8 c:/siliconlabs/simplicitystudio/v3_3/developer/toolchains/gnu_arm/4.8_2013q4/bin/../lib/gcc/arm-none-eabi/4.8.3/../../../../arm-none-eabi/lib/armv7e-m/softfp\libc_s.a(lib_a-nano-mallocr.o)
                0x00005c78                _malloc_r
 .text._realloc_r
                0x00005d20       0x4c c:/siliconlabs/simplicitystudio/v3_3/developer/toolchains/gnu_arm/4.8_2013q4/bin/../lib/gcc/arm-none-eabi/4.8.3/../../../../arm-none-eabi/lib/armv7e-m/softfp\libc_s.a(lib_a-nano-reallocr.o)
                0x00005d20                _realloc_r
 .text._sbrk_r  0x00005d6c       0x20 c:/siliconlabs/simplicitystudio/v3_3/developer/toolchains/gnu_arm/4.8_2013q4/bin/../lib/gcc/arm-none-eabi/4.8.3/../../../../arm-none-eabi/lib/armv7e-m/softfp\libc_s.a(lib_a-sbrkr.o)
                0x00005d6c                _sbrk_r
 .text._malloc_usable_size_r
                0x00005d8c       0x12 c:/siliconlabs/simplicitystudio/v3_3/developer/toolchains/gnu_arm/4.8_2013q4/bin/../lib/gcc/arm-none-eabi/4.8.3/../../../../arm-none-eabi/lib/armv7e-m/softfp\libc_s.a(lib_a-nano-msizer.o)
                0x00005d8c                _malloc_usable_size_r
 *fill*         0x00005d9e        0x2 
 .text._sbrk    0x00005da0       0x34 c:/siliconlabs/simplicitystudio/v3_3/developer/toolchains/gnu_arm/4.8_2013q4/bin/../lib/gcc/arm-none-eabi/4.8.3/../../../../arm-none-eabi/lib/armv7e-m/softfp\libnosys.a(sbrk.o)
                0x00005da0                _sbrk
 .text._exit    0x00005dd4        0x4 c:/siliconlabs/simplicitystudio/v3_3/developer/toolchains/gnu_arm/4.8_2013q4/bin/../lib/gcc/arm-none-eabi/4.8.3/../../../../arm-none-eabi/lib/armv7e-m/softfp\libnosys.a(_exit.o)
                0x00005dd4                _exit
 *(.init)
 .init          0x00005dd8        0x4 c:/siliconlabs/simplicitystudio/v3_3/developer/toolchains/gnu_arm/4.8_2013q4/bin/../lib/gcc/arm-none-eabi/4.8.3/armv7e-m/softfp/crti.o
                0x00005dd8                _init
 .init          0x00005ddc        0x8 c:/siliconlabs/simplicitystudio/v3_3/developer/toolchains/gnu_arm/4.8_2013q4/bin/../lib/gcc/arm-none-eabi/4.8.3/armv7e-m/softfp/crtn.o
 *(.fini)
 .fini          0x00005de4        0x4 c:/siliconlabs/simplicitystudio/v3_3/developer/toolchains/gnu_arm/4.8_2013q4/bin/../lib/gcc/arm-none-eabi/4.8.3/armv7e-m/softfp/crti.o
                0x00005de4                _fini
 .fini          0x00005de8        0x8 c:/siliconlabs/simplicitystudio/v3_3/developer/toolchains/gnu_arm/4.8_2013q4/bin/../lib/gcc/arm-none-eabi/4.8.3/armv7e-m/softfp/crtn.o
 *crtbegin.o(.ctors)
 *crtbegin?.o(.ctors)
 *(EXCLUDE_FILE(*crtend.o *crtend?.o) .ctors)
 *(SORT(.ctors.*))
 *(.ctors)
 *crtbegin.o(.dtors)
 *crtbegin?.o(.dtors)
 *(EXCLUDE_FILE(*crtend.o *crtend?.o) .dtors)
 *(SORT(.dtors.*))
 *(.dtors)
 *(.rodata*)
 .rodata        0x00005df0       0x78 ./src/touchdemo.o
 .rodata.channelsInUse
                0x00005e68       0x10 ./Drivers/caplesense.o
 .rodata        0x00005e78       0x2c ./Drivers/caplesense.o
 .rodata.initACMP.6345
                0x00005ea4       0x14 ./Drivers/caplesense.o
 .rodata.initLESENSE.6355
                0x00005eb8       0x40 ./Drivers/caplesense.o
 .rodata.initChsSleep.6354
                0x00005ef8      0x200 ./Drivers/caplesense.o
 .rodata.initChsSense.6353
                0x000060f8      0x200 ./Drivers/caplesense.o
 .rodata.initRTC
                0x000062f8        0x4 ./Drivers/rtcdriver.o
 .rodata.EFM_Display
                0x000062fc      0x200 ./Drivers/segmentlcd.o
 .rodata.EFM_Alphabet
                0x000064fc       0xb8 ./Drivers/segmentlcd.o
 .rodata.EFM_Numbers
                0x000065b4       0x24 ./Drivers/segmentlcd.o
 .rodata.lcdInit
                0x000065d8       0x14 ./Drivers/segmentlcd.o
 .rodata        0x000065ec       0x1c ./Drivers/vddcheck.o
 .rodata.str1.1
                0x00006608        0x2 c:/siliconlabs/simplicitystudio/v3_3/developer/toolchains/gnu_arm/4.8_2013q4/bin/../lib/gcc/arm-none-eabi/4.8.3/../../../../arm-none-eabi/lib/armv7e-m/softfp\libc_s.a(lib_a-impure.o)
 *fill*         0x0000660a        0x2 
 .rodata._global_impure_ptr
                0x0000660c        0x4 c:/siliconlabs/simplicitystudio/v3_3/developer/toolchains/gnu_arm/4.8_2013q4/bin/../lib/gcc/arm-none-eabi/4.8.3/../../../../arm-none-eabi/lib/armv7e-m/softfp\libc_s.a(lib_a-impure.o)
                0x0000660c                _global_impure_ptr
 .rodata.str1.1
                0x00006610       0x11 c:/siliconlabs/simplicitystudio/v3_3/developer/toolchains/gnu_arm/4.8_2013q4/bin/../lib/gcc/arm-none-eabi/4.8.3/../../../../arm-none-eabi/lib/armv7e-m/softfp\libc_s.a(lib_a-svfprintf.o)
 .rodata.str1.1
                0x00006621       0x22 c:/siliconlabs/simplicitystudio/v3_3/developer/toolchains/gnu_arm/4.8_2013q4/bin/../lib/gcc/arm-none-eabi/4.8.3/../../../../arm-none-eabi/lib/armv7e-m/softfp\libc_s.a(lib_a-vfprintf_i.o)
 *fill*         0x00006643        0x1 
 .rodata.__sf_fake_stdin
                0x00006644       0x20 c:/siliconlabs/simplicitystudio/v3_3/developer/toolchains/gnu_arm/4.8_2013q4/bin/../lib/gcc/arm-none-eabi/4.8.3/../../../../arm-none-eabi/lib/armv7e-m/softfp\libc_s.a(lib_a-findfp.o)
                0x00006644                __sf_fake_stdin
 .rodata.__sf_fake_stdout
                0x00006664       0x20 c:/siliconlabs/simplicitystudio/v3_3/developer/toolchains/gnu_arm/4.8_2013q4/bin/../lib/gcc/arm-none-eabi/4.8.3/../../../../arm-none-eabi/lib/armv7e-m/softfp\libc_s.a(lib_a-findfp.o)
                0x00006664                __sf_fake_stdout
 .rodata.__sf_fake_stderr
                0x00006684       0x20 c:/siliconlabs/simplicitystudio/v3_3/developer/toolchains/gnu_arm/4.8_2013q4/bin/../lib/gcc/arm-none-eabi/4.8.3/../../../../arm-none-eabi/lib/armv7e-m/softfp\libc_s.a(lib_a-findfp.o)
                0x00006684                __sf_fake_stderr
 *(.eh_frame*)
 .eh_frame      0x000066a4        0x0 c:/siliconlabs/simplicitystudio/v3_3/developer/toolchains/gnu_arm/4.8_2013q4/bin/../lib/gcc/arm-none-eabi/4.8.3/armv7e-m/softfp/crtbegin.o
 .eh_frame      0x000066a4        0x4 c:/siliconlabs/simplicitystudio/v3_3/developer/toolchains/gnu_arm/4.8_2013q4/bin/../lib/gcc/arm-none-eabi/4.8.3/armv7e-m/softfp/crtend.o

.glue_7         0x000066a8        0x0
 .glue_7        0x00000000        0x0 linker stubs

.glue_7t        0x000066a8        0x0
 .glue_7t       0x00000000        0x0 linker stubs

.vfp11_veneer   0x000066a8        0x0
 .vfp11_veneer  0x00000000        0x0 linker stubs

.v4_bx          0x000066a8        0x0
 .v4_bx         0x00000000        0x0 linker stubs

.iplt           0x000066a8        0x0
 .iplt          0x00000000        0x0 c:/siliconlabs/simplicitystudio/v3_3/developer/toolchains/gnu_arm/4.8_2013q4/bin/../lib/gcc/arm-none-eabi/4.8.3/armv7e-m/softfp/crtbegin.o

.ARM.extab
 *(.ARM.extab* .gnu.linkonce.armextab.*)
                0x000066a8                __exidx_start = .

.ARM.exidx      0x000066a8        0x8
 *(.ARM.exidx* .gnu.linkonce.armexidx.*)
 .ARM.exidx     0x000066a8        0x8 c:/siliconlabs/simplicitystudio/v3_3/developer/toolchains/gnu_arm/4.8_2013q4/bin/../lib/gcc/arm-none-eabi/4.8.3/../../../../arm-none-eabi/lib/armv7e-m/softfp/crt0.o
 .ARM.exidx     0x000066b0        0x0 c:/siliconlabs/simplicitystudio/v3_3/developer/toolchains/gnu_arm/4.8_2013q4/bin/../lib/gcc/arm-none-eabi/4.8.3/armv7e-m/softfp\libgcc.a(_divdi3.o)
                                  0x8 (size before relaxing)
 .ARM.exidx     0x000066b0        0x0 c:/siliconlabs/simplicitystudio/v3_3/developer/toolchains/gnu_arm/4.8_2013q4/bin/../lib/gcc/arm-none-eabi/4.8.3/armv7e-m/softfp\libgcc.a(_udivdi3.o)
                                  0x8 (size before relaxing)
                0x000066b0                __exidx_end = .
                0x000066b0                __etext = .

.rel.dyn        0x000066b0        0x0
 .rel.iplt      0x00000000        0x0 c:/siliconlabs/simplicitystudio/v3_3/developer/toolchains/gnu_arm/4.8_2013q4/bin/../lib/gcc/arm-none-eabi/4.8.3/armv7e-m/softfp/crtbegin.o

.data           0x20000000       0xc8 load address 0x000066b0
                0x20000000                __data_start__ = .
 *(vtable)
 *(.data*)
 .data.demoState
                0x20000000        0x1 ./src/touchdemo.o
 *fill*         0x20000001        0x3 
 .data.message  0x20000004        0x4 ./src/touchdemo.o
                0x20000004                message
 .data.oldSliderPos.7529
                0x20000008        0x4 ./src/touchdemo.o
 .data.channelMaxValues
                0x2000000c       0x40 ./Drivers/caplesense.o
 .data.init.6351
                0x2000004c        0x1 ./Drivers/caplesense.o
 *fill*         0x2000004d        0x3 
 .data.SystemHFXOClock
                0x20000050        0x4 ./CMSIS/efm32wg/system_efm32wg.o
 .data.SystemLFXOClock
                0x20000054        0x4 ./CMSIS/efm32wg/system_efm32wg.o
 .data.impure_data
                0x20000058       0x60 c:/siliconlabs/simplicitystudio/v3_3/developer/toolchains/gnu_arm/4.8_2013q4/bin/../lib/gcc/arm-none-eabi/4.8.3/../../../../arm-none-eabi/lib/armv7e-m/softfp\libc_s.a(lib_a-impure.o)
 .data._impure_ptr
                0x200000b8        0x4 c:/siliconlabs/simplicitystudio/v3_3/developer/toolchains/gnu_arm/4.8_2013q4/bin/../lib/gcc/arm-none-eabi/4.8.3/../../../../arm-none-eabi/lib/armv7e-m/softfp\libc_s.a(lib_a-impure.o)
                0x200000b8                _impure_ptr
                0x200000bc                . = ALIGN (0x4)
 *(.ram)
                0x200000bc                . = ALIGN (0x4)
                0x200000bc                PROVIDE (__preinit_array_start, .)
 *(.preinit_array)
                0x200000bc                PROVIDE (__preinit_array_end, .)
                0x200000bc                . = ALIGN (0x4)
                0x200000bc                PROVIDE (__init_array_start, .)
 *(SORT(.init_array.*))
 *(.init_array)
 .init_array    0x200000bc        0x4 c:/siliconlabs/simplicitystudio/v3_3/developer/toolchains/gnu_arm/4.8_2013q4/bin/../lib/gcc/arm-none-eabi/4.8.3/armv7e-m/softfp/crtbegin.o
                0x200000c0                PROVIDE (__init_array_end, .)
                0x200000c0                . = ALIGN (0x4)
                0x200000c0                PROVIDE (__fini_array_start, .)
 *(SORT(.fini_array.*))
 *(.fini_array)
 .fini_array    0x200000c0        0x4 c:/siliconlabs/simplicitystudio/v3_3/developer/toolchains/gnu_arm/4.8_2013q4/bin/../lib/gcc/arm-none-eabi/4.8.3/armv7e-m/softfp/crtbegin.o
                0x200000c4                PROVIDE (__fini_array_end, .)
 *(.jcr*)
 .jcr           0x200000c4        0x0 c:/siliconlabs/simplicitystudio/v3_3/developer/toolchains/gnu_arm/4.8_2013q4/bin/../lib/gcc/arm-none-eabi/4.8.3/armv7e-m/softfp/crtbegin.o
 .jcr           0x200000c4        0x4 c:/siliconlabs/simplicitystudio/v3_3/developer/toolchains/gnu_arm/4.8_2013q4/bin/../lib/gcc/arm-none-eabi/4.8.3/armv7e-m/softfp/crtend.o
                0x200000c8                . = ALIGN (0x4)
                0x200000c8                __data_end__ = .

.igot.plt       0x200000c8        0x0 load address 0x00006778
 .igot.plt      0x00000000        0x0 c:/siliconlabs/simplicitystudio/v3_3/developer/toolchains/gnu_arm/4.8_2013q4/bin/../lib/gcc/arm-none-eabi/4.8.3/armv7e-m/softfp/crtbegin.o

.bss            0x200000c8      0x124 load address 0x00006778
                0x200000c8                . = ALIGN (0x4)
                0x200000c8                __bss_start__ = .
 *(.bss*)
 .bss           0x200000c8       0x1c c:/siliconlabs/simplicitystudio/v3_3/developer/toolchains/gnu_arm/4.8_2013q4/bin/../lib/gcc/arm-none-eabi/4.8.3/armv7e-m/softfp/crtbegin.o
 .bss.rxReadIndex
                0x200000e4        0x4 ./src/retargetvirtual.o
 .bss.rxWriteIndex
                0x200000e8        0x4 ./src/retargetvirtual.o
 .bss.rxCount   0x200000ec        0x4 ./src/retargetvirtual.o
 .bss.rxBuffer  0x200000f0        0x8 ./src/retargetvirtual.o
 .bss.vboost    0x200000f8        0x1 ./src/touchdemo.o
                0x200000f8                vboost
 *fill*         0x200000f9        0x3 
 .bss.string    0x200000fc       0x20 ./src/touchdemo.o
 .bss.cmuStatus
                0x2000011c        0x4 ./emlib/em_emu.o
 .bss.INT_LockCnt
                0x20000120        0x4 ./emlib/em_int.o
                0x20000120                INT_LockCnt
 .bss.channelValues
                0x20000124       0x40 ./Drivers/caplesense.o
 .bss.lesenseScanCb
                0x20000164        0x4 ./Drivers/caplesense.o
 .bss.lesenseChCb
                0x20000168        0x4 ./Drivers/caplesense.o
 .bss.currentChannel
                0x2000016c        0x1 ./Drivers/caplesense.o
 *fill*         0x2000016d        0x3 
 .bss.capsenseCalibrateVals.6352
                0x20000170        0x8 ./Drivers/caplesense.o
 .bss.rxReadIndex
                0x20000178        0x4 ./Drivers/retargetserial.o
 .bss.rxWriteIndex
                0x2000017c        0x4 ./Drivers/retargetserial.o
 .bss.rxCount   0x20000180        0x4 ./Drivers/retargetserial.o
 .bss.rxBuffer  0x20000184        0x8 ./Drivers/retargetserial.o
 *fill*         0x2000018c        0x4 
 .bss.timer     0x20000190       0x28 ./Drivers/rtcdriver.o
 .bss.lastStart
                0x200001b8        0x4 ./Drivers/rtcdriver.o
 .bss.startTimerNestingLevel
                0x200001bc        0x4 ./Drivers/rtcdriver.o
 .bss.inTimerIRQ
                0x200001c0        0x1 ./Drivers/rtcdriver.o
 .bss.rtcRunning
                0x200001c1        0x1 ./Drivers/rtcdriver.o
 .bss.rtcdrvIsInitialized
                0x200001c2        0x1 ./Drivers/rtcdriver.o
 *fill*         0x200001c3        0x1 
 .bss.__malloc_sbrk_start
                0x200001c4        0x4 c:/siliconlabs/simplicitystudio/v3_3/developer/toolchains/gnu_arm/4.8_2013q4/bin/../lib/gcc/arm-none-eabi/4.8.3/../../../../arm-none-eabi/lib/armv7e-m/softfp\libc_s.a(lib_a-nano-mallocr.o)
                0x200001c4                __malloc_sbrk_start
 .bss.__malloc_free_list
                0x200001c8        0x4 c:/siliconlabs/simplicitystudio/v3_3/developer/toolchains/gnu_arm/4.8_2013q4/bin/../lib/gcc/arm-none-eabi/4.8.3/../../../../arm-none-eabi/lib/armv7e-m/softfp\libc_s.a(lib_a-nano-mallocr.o)
                0x200001c8                __malloc_free_list
 .bss.heap_end.4237
                0x200001cc        0x4 c:/siliconlabs/simplicitystudio/v3_3/developer/toolchains/gnu_arm/4.8_2013q4/bin/../lib/gcc/arm-none-eabi/4.8.3/../../../../arm-none-eabi/lib/armv7e-m/softfp\libnosys.a(sbrk.o)
 *(COMMON)
 COMMON         0x200001d0       0x14 ./src/touchdemo.o
                0x200001d0                subMode
                0x200001d4                xTimerForSleep
                0x200001d8                demoMode
                0x200001dc                msTicks
                0x200001e0                subModes
 COMMON         0x200001e4        0x4 ./CMSIS/efm32wg/system_efm32wg.o
                0x200001e4                SystemCoreClock
 COMMON         0x200001e8        0x4 c:/siliconlabs/simplicitystudio/v3_3/developer/toolchains/gnu_arm/4.8_2013q4/bin/../lib/gcc/arm-none-eabi/4.8.3/../../../../arm-none-eabi/lib/armv7e-m/softfp\libc_s.a(lib_a-reent.o)
                0x200001e8                errno
                0x200001ec                . = ALIGN (0x4)
                0x200001ec                __bss_end__ = .

.heap           0x200001f0      0xc00
                0x200001f0                __HeapBase = .
                0x200001f0                __end__ = .
                0x200001f0                end = __end__
                0x200001f0                _end = __end__
 *(.heap*)
 .heap          0x200001f0      0xc00 ./CMSIS/efm32wg/startup_efm32wg.o
                0x20000df0                __HeapLimit = .

.stack_dummy    0x200001f0      0x400
 *(.stack*)
 .stack         0x200001f0      0x400 ./CMSIS/efm32wg/startup_efm32wg.o
                0x20008000                __StackTop = (ORIGIN (RAM) + 0x8000)
                0x20007c00                __StackLimit = (__StackTop - SIZEOF (.stack_dummy))
                0x20008000                PROVIDE (__stack, __StackTop)
                0x00000001                ASSERT ((__StackLimit >= __HeapLimit), region RAM overflowed with stack)
                0x00000001                ASSERT ((0x40000 >= (__etext + SIZEOF (.data))), FLASH memory overflowed !)
OUTPUT(STK3800_touch.axf elf32-littlearm)

.ARM.attributes
                0x00000000       0x2e
 .ARM.attributes
                0x00000000       0x22 c:/siliconlabs/simplicitystudio/v3_3/developer/toolchains/gnu_arm/4.8_2013q4/bin/../lib/gcc/arm-none-eabi/4.8.3/armv7e-m/softfp/crti.o
 .ARM.attributes
                0x00000022       0x32 c:/siliconlabs/simplicitystudio/v3_3/developer/toolchains/gnu_arm/4.8_2013q4/bin/../lib/gcc/arm-none-eabi/4.8.3/armv7e-m/softfp/crtbegin.o
 .ARM.attributes
                0x00000054       0x20 c:/siliconlabs/simplicitystudio/v3_3/developer/toolchains/gnu_arm/4.8_2013q4/bin/../lib/gcc/arm-none-eabi/4.8.3/../../../../arm-none-eabi/lib/armv7e-m/softfp/crt0.o
 .ARM.attributes
                0x00000074       0x37 ./src/retargetvirtual.o
 .ARM.attributes
                0x000000ab       0x37 ./src/touchdemo.o
 .ARM.attributes
                0x000000e2       0x37 ./emlib/em_acmp.o
 .ARM.attributes
                0x00000119       0x37 ./emlib/em_cmu.o
 .ARM.attributes
                0x00000150       0x37 ./emlib/em_emu.o
 .ARM.attributes
                0x00000187       0x37 ./emlib/em_gpio.o
 .ARM.attributes
                0x000001be       0x37 ./emlib/em_int.o
 .ARM.attributes
                0x000001f5       0x37 ./emlib/em_lcd.o
 .ARM.attributes
                0x0000022c       0x37 ./emlib/em_lesense.o
 .ARM.attributes
                0x00000263       0x37 ./emlib/em_rtc.o
 .ARM.attributes
                0x0000029a       0x37 ./emlib/em_vcmp.o
 .ARM.attributes
                0x000002d1       0x37 ./Drivers/caplesense.o
 .ARM.attributes
                0x00000308       0x37 ./Drivers/em_usart.o
 .ARM.attributes
                0x0000033f       0x37 ./Drivers/retargetserial.o
 .ARM.attributes
                0x00000376       0x37 ./Drivers/rtcdriver.o
 .ARM.attributes
                0x000003ad       0x37 ./Drivers/segmentlcd.o
 .ARM.attributes
                0x000003e4       0x37 ./Drivers/vddcheck.o
 .ARM.attributes
                0x0000041b       0x1b ./CMSIS/efm32wg/startup_efm32wg.o
 .ARM.attributes
                0x00000436       0x37 ./CMSIS/efm32wg/system_efm32wg.o
 .ARM.attributes
                0x0000046d       0x37 ./BSP/bsp_trace.o
 .ARM.attributes
                0x000004a4       0x22 c:/siliconlabs/simplicitystudio/v3_3/developer/toolchains/gnu_arm/4.8_2013q4/bin/../lib/gcc/arm-none-eabi/4.8.3/armv7e-m/softfp\libgcc.a(_aeabi_uldivmod.o)
 .ARM.attributes
                0x000004c6       0x32 c:/siliconlabs/simplicitystudio/v3_3/developer/toolchains/gnu_arm/4.8_2013q4/bin/../lib/gcc/arm-none-eabi/4.8.3/armv7e-m/softfp\libgcc.a(bpabi.o)
 .ARM.attributes
                0x000004f8       0x22 c:/siliconlabs/simplicitystudio/v3_3/developer/toolchains/gnu_arm/4.8_2013q4/bin/../lib/gcc/arm-none-eabi/4.8.3/armv7e-m/softfp\libgcc.a(_dvmd_tls.o)
 .ARM.attributes
                0x0000051a       0x32 c:/siliconlabs/simplicitystudio/v3_3/developer/toolchains/gnu_arm/4.8_2013q4/bin/../lib/gcc/arm-none-eabi/4.8.3/armv7e-m/softfp\libgcc.a(_divdi3.o)
 .ARM.attributes
                0x0000054c       0x32 c:/siliconlabs/simplicitystudio/v3_3/developer/toolchains/gnu_arm/4.8_2013q4/bin/../lib/gcc/arm-none-eabi/4.8.3/armv7e-m/softfp\libgcc.a(_udivdi3.o)
 .ARM.attributes
                0x0000057e       0x32 c:/siliconlabs/simplicitystudio/v3_3/developer/toolchains/gnu_arm/4.8_2013q4/bin/../lib/gcc/arm-none-eabi/4.8.3/../../../../arm-none-eabi/lib/armv7e-m/softfp\libc_s.a(lib_a-abs.o)
 .ARM.attributes
                0x000005b0       0x32 c:/siliconlabs/simplicitystudio/v3_3/developer/toolchains/gnu_arm/4.8_2013q4/bin/../lib/gcc/arm-none-eabi/4.8.3/../../../../arm-none-eabi/lib/armv7e-m/softfp\libc_s.a(lib_a-exit.o)
 .ARM.attributes
                0x000005e2       0x32 c:/siliconlabs/simplicitystudio/v3_3/developer/toolchains/gnu_arm/4.8_2013q4/bin/../lib/gcc/arm-none-eabi/4.8.3/../../../../arm-none-eabi/lib/armv7e-m/softfp\libc_s.a(lib_a-impure.o)
 .ARM.attributes
                0x00000614       0x32 c:/siliconlabs/simplicitystudio/v3_3/developer/toolchains/gnu_arm/4.8_2013q4/bin/../lib/gcc/arm-none-eabi/4.8.3/../../../../arm-none-eabi/lib/armv7e-m/softfp\libc_s.a(lib_a-init.o)
 .ARM.attributes
                0x00000646       0x32 c:/siliconlabs/simplicitystudio/v3_3/developer/toolchains/gnu_arm/4.8_2013q4/bin/../lib/gcc/arm-none-eabi/4.8.3/../../../../arm-none-eabi/lib/armv7e-m/softfp\libc_s.a(lib_a-memset.o)
 .ARM.attributes
                0x00000678       0x32 c:/siliconlabs/simplicitystudio/v3_3/developer/toolchains/gnu_arm/4.8_2013q4/bin/../lib/gcc/arm-none-eabi/4.8.3/../../../../arm-none-eabi/lib/armv7e-m/softfp\libc_s.a(lib_a-snprintf.o)
 .ARM.attributes
                0x000006aa       0x32 c:/siliconlabs/simplicitystudio/v3_3/developer/toolchains/gnu_arm/4.8_2013q4/bin/../lib/gcc/arm-none-eabi/4.8.3/../../../../arm-none-eabi/lib/armv7e-m/softfp\libc_s.a(lib_a-sprintf.o)
 .ARM.attributes
                0x000006dc       0x32 c:/siliconlabs/simplicitystudio/v3_3/developer/toolchains/gnu_arm/4.8_2013q4/bin/../lib/gcc/arm-none-eabi/4.8.3/../../../../arm-none-eabi/lib/armv7e-m/softfp\libc_s.a(lib_a-strlen.o)
 .ARM.attributes
                0x0000070e       0x32 c:/siliconlabs/simplicitystudio/v3_3/developer/toolchains/gnu_arm/4.8_2013q4/bin/../lib/gcc/arm-none-eabi/4.8.3/../../../../arm-none-eabi/lib/armv7e-m/softfp\libc_s.a(lib_a-svfprintf.o)
 .ARM.attributes
                0x00000740       0x32 c:/siliconlabs/simplicitystudio/v3_3/developer/toolchains/gnu_arm/4.8_2013q4/bin/../lib/gcc/arm-none-eabi/4.8.3/../../../../arm-none-eabi/lib/armv7e-m/softfp\libc_s.a(lib_a-vfprintf_i.o)
 .ARM.attributes
                0x00000772       0x32 c:/siliconlabs/simplicitystudio/v3_3/developer/toolchains/gnu_arm/4.8_2013q4/bin/../lib/gcc/arm-none-eabi/4.8.3/../../../../arm-none-eabi/lib/armv7e-m/softfp\libc_s.a(lib_a-findfp.o)
 .ARM.attributes
                0x000007a4       0x32 c:/siliconlabs/simplicitystudio/v3_3/developer/toolchains/gnu_arm/4.8_2013q4/bin/../lib/gcc/arm-none-eabi/4.8.3/../../../../arm-none-eabi/lib/armv7e-m/softfp\libc_s.a(lib_a-memchr-stub.o)
 .ARM.attributes
                0x000007d6       0x32 c:/siliconlabs/simplicitystudio/v3_3/developer/toolchains/gnu_arm/4.8_2013q4/bin/../lib/gcc/arm-none-eabi/4.8.3/../../../../arm-none-eabi/lib/armv7e-m/softfp\libc_s.a(lib_a-memcpy-stub.o)
 .ARM.attributes
                0x00000808       0x32 c:/siliconlabs/simplicitystudio/v3_3/developer/toolchains/gnu_arm/4.8_2013q4/bin/../lib/gcc/arm-none-eabi/4.8.3/../../../../arm-none-eabi/lib/armv7e-m/softfp\libc_s.a(lib_a-memmove.o)
 .ARM.attributes
                0x0000083a       0x32 c:/siliconlabs/simplicitystudio/v3_3/developer/toolchains/gnu_arm/4.8_2013q4/bin/../lib/gcc/arm-none-eabi/4.8.3/../../../../arm-none-eabi/lib/armv7e-m/softfp\libc_s.a(lib_a-nano-freer.o)
 .ARM.attributes
                0x0000086c       0x32 c:/siliconlabs/simplicitystudio/v3_3/developer/toolchains/gnu_arm/4.8_2013q4/bin/../lib/gcc/arm-none-eabi/4.8.3/../../../../arm-none-eabi/lib/armv7e-m/softfp\libc_s.a(lib_a-nano-mallocr.o)
 .ARM.attributes
                0x0000089e       0x32 c:/siliconlabs/simplicitystudio/v3_3/developer/toolchains/gnu_arm/4.8_2013q4/bin/../lib/gcc/arm-none-eabi/4.8.3/../../../../arm-none-eabi/lib/armv7e-m/softfp\libc_s.a(lib_a-nano-reallocr.o)
 .ARM.attributes
                0x000008d0       0x32 c:/siliconlabs/simplicitystudio/v3_3/developer/toolchains/gnu_arm/4.8_2013q4/bin/../lib/gcc/arm-none-eabi/4.8.3/../../../../arm-none-eabi/lib/armv7e-m/softfp\libc_s.a(lib_a-sbrkr.o)
 .ARM.attributes
                0x00000902       0x32 c:/siliconlabs/simplicitystudio/v3_3/developer/toolchains/gnu_arm/4.8_2013q4/bin/../lib/gcc/arm-none-eabi/4.8.3/../../../../arm-none-eabi/lib/armv7e-m/softfp\libc_s.a(lib_a-nano-msizer.o)
 .ARM.attributes
                0x00000934       0x32 c:/siliconlabs/simplicitystudio/v3_3/developer/toolchains/gnu_arm/4.8_2013q4/bin/../lib/gcc/arm-none-eabi/4.8.3/../../../../arm-none-eabi/lib/armv7e-m/softfp\libc_s.a(lib_a-reent.o)
 .ARM.attributes
                0x00000966       0x32 c:/siliconlabs/simplicitystudio/v3_3/developer/toolchains/gnu_arm/4.8_2013q4/bin/../lib/gcc/arm-none-eabi/4.8.3/../../../../arm-none-eabi/lib/armv7e-m/softfp\libnosys.a(sbrk.o)
 .ARM.attributes
                0x00000998       0x32 c:/siliconlabs/simplicitystudio/v3_3/developer/toolchains/gnu_arm/4.8_2013q4/bin/../lib/gcc/arm-none-eabi/4.8.3/../../../../arm-none-eabi/lib/armv7e-m/softfp\libnosys.a(_exit.o)
 .ARM.attributes
                0x000009ca       0x32 c:/siliconlabs/simplicitystudio/v3_3/developer/toolchains/gnu_arm/4.8_2013q4/bin/../lib/gcc/arm-none-eabi/4.8.3/armv7e-m/softfp/crtend.o
 .ARM.attributes
                0x000009fc       0x22 c:/siliconlabs/simplicitystudio/v3_3/developer/toolchains/gnu_arm/4.8_2013q4/bin/../lib/gcc/arm-none-eabi/4.8.3/armv7e-m/softfp/crtn.o

.comment        0x00000000       0x70
 .comment       0x00000000       0x70 ./src/retargetvirtual.o
                                 0x71 (size before relaxing)
 .comment       0x00000000       0x71 ./src/touchdemo.o
 .comment       0x00000000       0x71 ./emlib/em_acmp.o
 .comment       0x00000000       0x71 ./emlib/em_cmu.o
 .comment       0x00000000       0x71 ./emlib/em_emu.o
 .comment       0x00000000       0x71 ./emlib/em_gpio.o
 .comment       0x00000000       0x71 ./emlib/em_int.o
 .comment       0x00000000       0x71 ./emlib/em_lcd.o
 .comment       0x00000000       0x71 ./emlib/em_lesense.o
 .comment       0x00000000       0x71 ./emlib/em_rtc.o
 .comment       0x00000000       0x71 ./emlib/em_vcmp.o
 .comment       0x00000000       0x71 ./Drivers/caplesense.o
 .comment       0x00000000       0x71 ./Drivers/em_usart.o
 .comment       0x00000000       0x71 ./Drivers/retargetserial.o
 .comment       0x00000000       0x71 ./Drivers/rtcdriver.o
 .comment       0x00000000       0x71 ./Drivers/segmentlcd.o
 .comment       0x00000000       0x71 ./Drivers/vddcheck.o
 .comment       0x00000000       0x71 ./CMSIS/efm32wg/system_efm32wg.o
 .comment       0x00000000       0x71 ./BSP/bsp_trace.o

.debug_info     0x00000000     0xe77f
 .debug_info    0x00000000     0x1449 ./src/retargetvirtual.o
 .debug_info    0x00001449     0x122e ./src/touchdemo.o
 .debug_info    0x00002677      0x626 ./emlib/em_acmp.o
 .debug_info    0x00002c9d     0x1075 ./emlib/em_cmu.o
 .debug_info    0x00003d12      0xd7c ./emlib/em_emu.o
 .debug_info    0x00004a8e      0x644 ./emlib/em_gpio.o
 .debug_info    0x000050d2       0xa2 ./emlib/em_int.o
 .debug_info    0x00005174      0xa28 ./emlib/em_lcd.o
 .debug_info    0x00005b9c     0x13fb ./emlib/em_lesense.o
 .debug_info    0x00006f97      0x329 ./emlib/em_rtc.o
 .debug_info    0x000072c0      0x2ed ./emlib/em_vcmp.o
 .debug_info    0x000075ad     0x172f ./Drivers/caplesense.o
 .debug_info    0x00008cdc      0xece ./Drivers/em_usart.o
 .debug_info    0x00009baa     0x1433 ./Drivers/retargetserial.o
 .debug_info    0x0000afdd      0xd38 ./Drivers/rtcdriver.o
 .debug_info    0x0000bd15     0x11aa ./Drivers/segmentlcd.o
 .debug_info    0x0000cebf      0x461 ./Drivers/vddcheck.o
 .debug_info    0x0000d320       0xf9 ./CMSIS/efm32wg/startup_efm32wg.o
 .debug_info    0x0000d419      0x702 ./CMSIS/efm32wg/system_efm32wg.o
 .debug_info    0x0000db1b      0xc64 ./BSP/bsp_trace.o

.debug_abbrev   0x00000000     0x257b
 .debug_abbrev  0x00000000      0x2d4 ./src/retargetvirtual.o
 .debug_abbrev  0x000002d4      0x2ef ./src/touchdemo.o
 .debug_abbrev  0x000005c3      0x1b9 ./emlib/em_acmp.o
 .debug_abbrev  0x0000077c      0x2c2 ./emlib/em_cmu.o
 .debug_abbrev  0x00000a3e      0x252 ./emlib/em_emu.o
 .debug_abbrev  0x00000c90      0x1cd ./emlib/em_gpio.o
 .debug_abbrev  0x00000e5d       0x5a ./emlib/em_int.o
 .debug_abbrev  0x00000eb7      0x1c0 ./emlib/em_lcd.o
 .debug_abbrev  0x00001077      0x22e ./emlib/em_lesense.o
 .debug_abbrev  0x000012a5      0x196 ./emlib/em_rtc.o
 .debug_abbrev  0x0000143b      0x113 ./emlib/em_vcmp.o
 .debug_abbrev  0x0000154e      0x2dc ./Drivers/caplesense.o
 .debug_abbrev  0x0000182a      0x1d0 ./Drivers/em_usart.o
 .debug_abbrev  0x000019fa      0x2bc ./Drivers/retargetserial.o
 .debug_abbrev  0x00001cb6      0x2cb ./Drivers/rtcdriver.o
 .debug_abbrev  0x00001f81      0x197 ./Drivers/segmentlcd.o
 .debug_abbrev  0x00002118      0x131 ./Drivers/vddcheck.o
 .debug_abbrev  0x00002249       0x14 ./CMSIS/efm32wg/startup_efm32wg.o
 .debug_abbrev  0x0000225d      0x1a3 ./CMSIS/efm32wg/system_efm32wg.o
 .debug_abbrev  0x00002400      0x17b ./BSP/bsp_trace.o

.debug_loc      0x00000000     0x3adc
 .debug_loc     0x00000000      0x27c ./src/retargetvirtual.o
 .debug_loc     0x0000027c      0x488 ./src/touchdemo.o
 .debug_loc     0x00000704      0x230 ./emlib/em_acmp.o
 .debug_loc     0x00000934      0x7c4 ./emlib/em_cmu.o
 .debug_loc     0x000010f8      0x3b4 ./emlib/em_emu.o
 .debug_loc     0x000014ac      0x268 ./emlib/em_gpio.o
 .debug_loc     0x00001714      0x3b8 ./emlib/em_lcd.o
 .debug_loc     0x00001acc      0x494 ./emlib/em_lesense.o
 .debug_loc     0x00001f60      0x1a8 ./emlib/em_rtc.o
 .debug_loc     0x00002108      0x10c ./emlib/em_vcmp.o
 .debug_loc     0x00002214      0x4aa ./Drivers/caplesense.o
 .debug_loc     0x000026be      0x49a ./Drivers/em_usart.o
 .debug_loc     0x00002b58      0x250 ./Drivers/retargetserial.o
 .debug_loc     0x00002da8      0x508 ./Drivers/rtcdriver.o
 .debug_loc     0x000032b0      0x45c ./Drivers/segmentlcd.o
 .debug_loc     0x0000370c      0x14c ./Drivers/vddcheck.o
 .debug_loc     0x00003858      0x214 ./CMSIS/efm32wg/system_efm32wg.o
 .debug_loc     0x00003a6c       0x70 ./BSP/bsp_trace.o

.debug_aranges  0x00000000      0xab8
 .debug_aranges
                0x00000000       0x78 ./src/retargetvirtual.o
 .debug_aranges
                0x00000078       0xc8 ./src/touchdemo.o
 .debug_aranges
                0x00000140       0x68 ./emlib/em_acmp.o
 .debug_aranges
                0x000001a8      0x140 ./emlib/em_cmu.o
 .debug_aranges
                0x000002e8       0xa8 ./emlib/em_emu.o
 .debug_aranges
                0x00000390       0x70 ./emlib/em_gpio.o
 .debug_aranges
                0x00000400       0x18 ./emlib/em_int.o
 .debug_aranges
                0x00000418       0xa0 ./emlib/em_lcd.o
 .debug_aranges
                0x000004b8       0xc8 ./emlib/em_lesense.o
 .debug_aranges
                0x00000580       0x58 ./emlib/em_rtc.o
 .debug_aranges
                0x000005d8       0x40 ./emlib/em_vcmp.o
 .debug_aranges
                0x00000618       0xd0 ./Drivers/caplesense.o
 .debug_aranges
                0x000006e8       0xc0 ./Drivers/em_usart.o
 .debug_aranges
                0x000007a8       0x70 ./Drivers/retargetserial.o
 .debug_aranges
                0x00000818       0xd8 ./Drivers/rtcdriver.o
 .debug_aranges
                0x000008f0       0xc0 ./Drivers/segmentlcd.o
 .debug_aranges
                0x000009b0       0x50 ./Drivers/vddcheck.o
 .debug_aranges
                0x00000a00       0x20 ./CMSIS/efm32wg/startup_efm32wg.o
 .debug_aranges
                0x00000a20       0x70 ./CMSIS/efm32wg/system_efm32wg.o
 .debug_aranges
                0x00000a90       0x28 ./BSP/bsp_trace.o

.debug_ranges   0x00000000      0x960
 .debug_ranges  0x00000000       0x68 ./src/retargetvirtual.o
 .debug_ranges  0x00000068       0xb8 ./src/touchdemo.o
 .debug_ranges  0x00000120       0x58 ./emlib/em_acmp.o
 .debug_ranges  0x00000178      0x130 ./emlib/em_cmu.o
 .debug_ranges  0x000002a8       0x98 ./emlib/em_emu.o
 .debug_ranges  0x00000340       0x60 ./emlib/em_gpio.o
 .debug_ranges  0x000003a0       0x90 ./emlib/em_lcd.o
 .debug_ranges  0x00000430       0xb8 ./emlib/em_lesense.o
 .debug_ranges  0x000004e8       0x48 ./emlib/em_rtc.o
 .debug_ranges  0x00000530       0x30 ./emlib/em_vcmp.o
 .debug_ranges  0x00000560       0xc0 ./Drivers/caplesense.o
 .debug_ranges  0x00000620       0xb0 ./Drivers/em_usart.o
 .debug_ranges  0x000006d0       0x60 ./Drivers/retargetserial.o
 .debug_ranges  0x00000730       0xc8 ./Drivers/rtcdriver.o
 .debug_ranges  0x000007f8       0xb0 ./Drivers/segmentlcd.o
 .debug_ranges  0x000008a8       0x40 ./Drivers/vddcheck.o
 .debug_ranges  0x000008e8       0x60 ./CMSIS/efm32wg/system_efm32wg.o
 .debug_ranges  0x00000948       0x18 ./BSP/bsp_trace.o

.debug_line     0x00000000     0x527c
 .debug_line    0x00000000      0x45c ./src/retargetvirtual.o
 .debug_line    0x0000045c      0x574 ./src/touchdemo.o
 .debug_line    0x000009d0      0x36a ./emlib/em_acmp.o
 .debug_line    0x00000d3a      0x8b6 ./emlib/em_cmu.o
 .debug_line    0x000015f0      0x4a0 ./emlib/em_emu.o
 .debug_line    0x00001a90      0x384 ./emlib/em_gpio.o
 .debug_line    0x00001e14      0x132 ./emlib/em_int.o
 .debug_line    0x00001f46      0x43d ./emlib/em_lcd.o
 .debug_line    0x00002383      0x607 ./emlib/em_lesense.o
 .debug_line    0x0000298a      0x2cb ./emlib/em_rtc.o
 .debug_line    0x00002c55      0x2a6 ./emlib/em_vcmp.o
 .debug_line    0x00002efb      0x553 ./Drivers/caplesense.o
 .debug_line    0x0000344e      0x55a ./Drivers/em_usart.o
 .debug_line    0x000039a8      0x47b ./Drivers/retargetserial.o
 .debug_line    0x00003e23      0x61e ./Drivers/rtcdriver.o
 .debug_line    0x00004441      0x5b0 ./Drivers/segmentlcd.o
 .debug_line    0x000049f1      0x2a9 ./Drivers/vddcheck.o
 .debug_line    0x00004c9a       0xbe ./CMSIS/efm32wg/startup_efm32wg.o
 .debug_line    0x00004d58      0x2c5 ./CMSIS/efm32wg/system_efm32wg.o
 .debug_line    0x0000501d      0x25f ./BSP/bsp_trace.o

.debug_str      0x00000000     0x5755
 .debug_str     0x00000000     0x115b ./src/retargetvirtual.o
                               0x11da (size before relaxing)
 .debug_str     0x0000115b      0x5ae ./src/touchdemo.o
                               0x1297 (size before relaxing)
 .debug_str     0x00001709      0x479 ./emlib/em_acmp.o
                                0x658 (size before relaxing)
 .debug_str     0x00001b82      0x7a7 ./emlib/em_cmu.o
                                0xc4e (size before relaxing)
 .debug_str     0x00002329      0x4eb ./emlib/em_emu.o
                                0x843 (size before relaxing)
 .debug_str     0x00002814      0x188 ./emlib/em_gpio.o
                                0x5fb (size before relaxing)
 .debug_str     0x0000299c       0x4e ./emlib/em_int.o
                                0x1fb (size before relaxing)
 .debug_str     0x000029ea      0x6d3 ./emlib/em_lcd.o
                                0x8f4 (size before relaxing)
 .debug_str     0x000030bd     0x1126 ./emlib/em_lesense.o
                               0x159d (size before relaxing)
 .debug_str     0x000041e3       0xeb ./emlib/em_rtc.o
                                0x2e1 (size before relaxing)
 .debug_str     0x000042ce      0x1f2 ./emlib/em_vcmp.o
                                0x3d3 (size before relaxing)
 .debug_str     0x000044c0      0x2e7 ./Drivers/caplesense.o
                               0x1b0f (size before relaxing)
 .debug_str     0x000047a7      0x4c1 ./Drivers/em_usart.o
                                0xdfa (size before relaxing)
 .debug_str     0x00004c68       0x75 ./Drivers/retargetserial.o
                               0x120f (size before relaxing)
 .debug_str     0x00004cdd      0x313 ./Drivers/rtcdriver.o
                                0xbc4 (size before relaxing)
 .debug_str     0x00004ff0      0x365 ./Drivers/segmentlcd.o
                                0xe32 (size before relaxing)
 .debug_str     0x00005355       0xc8 ./Drivers/vddcheck.o
                                0x651 (size before relaxing)
 .debug_str     0x0000541d      0x158 ./CMSIS/efm32wg/system_efm32wg.o
                                0x50e (size before relaxing)
 .debug_str     0x00005575      0x1e0 ./BSP/bsp_trace.o
                                0x7e0 (size before relaxing)

.debug_frame    0x00000000     0x2730
 .debug_frame   0x00000000      0x16c ./src/retargetvirtual.o
 .debug_frame   0x0000016c      0x29c ./src/touchdemo.o
 .debug_frame   0x00000408      0x138 ./emlib/em_acmp.o
 .debug_frame   0x00000540      0x448 ./emlib/em_cmu.o
 .debug_frame   0x00000988      0x210 ./emlib/em_emu.o
 .debug_frame   0x00000b98      0x154 ./emlib/em_gpio.o
 .debug_frame   0x00000cec      0x1fc ./emlib/em_lcd.o
 .debug_frame   0x00000ee8      0x284 ./emlib/em_lesense.o
 .debug_frame   0x0000116c       0xf0 ./emlib/em_rtc.o
 .debug_frame   0x0000125c       0x9c ./emlib/em_vcmp.o
 .debug_frame   0x000012f8      0x298 ./Drivers/caplesense.o
 .debug_frame   0x00001590      0x27c ./Drivers/em_usart.o
 .debug_frame   0x0000180c      0x154 ./Drivers/retargetserial.o
 .debug_frame   0x00001960      0x2e4 ./Drivers/rtcdriver.o
 .debug_frame   0x00001c44      0x28c ./Drivers/segmentlcd.o
 .debug_frame   0x00001ed0       0xd0 ./Drivers/vddcheck.o
 .debug_frame   0x00001fa0      0x138 ./CMSIS/efm32wg/system_efm32wg.o
 .debug_frame   0x000020d8       0x50 ./BSP/bsp_trace.o
 .debug_frame   0x00002128       0x50 c:/siliconlabs/simplicitystudio/v3_3/developer/toolchains/gnu_arm/4.8_2013q4/bin/../lib/gcc/arm-none-eabi/4.8.3/armv7e-m/softfp\libgcc.a(bpabi.o)
 .debug_frame   0x00002178       0x34 c:/siliconlabs/simplicitystudio/v3_3/developer/toolchains/gnu_arm/4.8_2013q4/bin/../lib/gcc/arm-none-eabi/4.8.3/armv7e-m/softfp\libgcc.a(_divdi3.o)
 .debug_frame   0x000021ac       0x34 c:/siliconlabs/simplicitystudio/v3_3/developer/toolchains/gnu_arm/4.8_2013q4/bin/../lib/gcc/arm-none-eabi/4.8.3/armv7e-m/softfp\libgcc.a(_udivdi3.o)
 .debug_frame   0x000021e0       0x20 c:/siliconlabs/simplicitystudio/v3_3/developer/toolchains/gnu_arm/4.8_2013q4/bin/../lib/gcc/arm-none-eabi/4.8.3/../../../../arm-none-eabi/lib/armv7e-m/softfp\libc_s.a(lib_a-abs.o)
 .debug_frame   0x00002200       0x28 c:/siliconlabs/simplicitystudio/v3_3/developer/toolchains/gnu_arm/4.8_2013q4/bin/../lib/gcc/arm-none-eabi/4.8.3/../../../../arm-none-eabi/lib/armv7e-m/softfp\libc_s.a(lib_a-exit.o)
 .debug_frame   0x00002228       0x2c c:/siliconlabs/simplicitystudio/v3_3/developer/toolchains/gnu_arm/4.8_2013q4/bin/../lib/gcc/arm-none-eabi/4.8.3/../../../../arm-none-eabi/lib/armv7e-m/softfp\libc_s.a(lib_a-init.o)
 .debug_frame   0x00002254       0x20 c:/siliconlabs/simplicitystudio/v3_3/developer/toolchains/gnu_arm/4.8_2013q4/bin/../lib/gcc/arm-none-eabi/4.8.3/../../../../arm-none-eabi/lib/armv7e-m/softfp\libc_s.a(lib_a-memset.o)
 .debug_frame   0x00002274       0x58 c:/siliconlabs/simplicitystudio/v3_3/developer/toolchains/gnu_arm/4.8_2013q4/bin/../lib/gcc/arm-none-eabi/4.8.3/../../../../arm-none-eabi/lib/armv7e-m/softfp\libc_s.a(lib_a-snprintf.o)
 .debug_frame   0x000022cc       0x58 c:/siliconlabs/simplicitystudio/v3_3/developer/toolchains/gnu_arm/4.8_2013q4/bin/../lib/gcc/arm-none-eabi/4.8.3/../../../../arm-none-eabi/lib/armv7e-m/softfp\libc_s.a(lib_a-sprintf.o)
 .debug_frame   0x00002324       0x20 c:/siliconlabs/simplicitystudio/v3_3/developer/toolchains/gnu_arm/4.8_2013q4/bin/../lib/gcc/arm-none-eabi/4.8.3/../../../../arm-none-eabi/lib/armv7e-m/softfp\libc_s.a(lib_a-strlen.o)
 .debug_frame   0x00002344       0x88 c:/siliconlabs/simplicitystudio/v3_3/developer/toolchains/gnu_arm/4.8_2013q4/bin/../lib/gcc/arm-none-eabi/4.8.3/../../../../arm-none-eabi/lib/armv7e-m/softfp\libc_s.a(lib_a-svfprintf.o)
 .debug_frame   0x000023cc       0x60 c:/siliconlabs/simplicitystudio/v3_3/developer/toolchains/gnu_arm/4.8_2013q4/bin/../lib/gcc/arm-none-eabi/4.8.3/../../../../arm-none-eabi/lib/armv7e-m/softfp\libc_s.a(lib_a-vfprintf_i.o)
 .debug_frame   0x0000242c      0x12c c:/siliconlabs/simplicitystudio/v3_3/developer/toolchains/gnu_arm/4.8_2013q4/bin/../lib/gcc/arm-none-eabi/4.8.3/../../../../arm-none-eabi/lib/armv7e-m/softfp\libc_s.a(lib_a-findfp.o)
 .debug_frame   0x00002558       0x28 c:/siliconlabs/simplicitystudio/v3_3/developer/toolchains/gnu_arm/4.8_2013q4/bin/../lib/gcc/arm-none-eabi/4.8.3/../../../../arm-none-eabi/lib/armv7e-m/softfp\libc_s.a(lib_a-memchr-stub.o)
 .debug_frame   0x00002580       0x28 c:/siliconlabs/simplicitystudio/v3_3/developer/toolchains/gnu_arm/4.8_2013q4/bin/../lib/gcc/arm-none-eabi/4.8.3/../../../../arm-none-eabi/lib/armv7e-m/softfp\libc_s.a(lib_a-memcpy-stub.o)
 .debug_frame   0x000025a8       0x2c c:/siliconlabs/simplicitystudio/v3_3/developer/toolchains/gnu_arm/4.8_2013q4/bin/../lib/gcc/arm-none-eabi/4.8.3/../../../../arm-none-eabi/lib/armv7e-m/softfp\libc_s.a(lib_a-memmove.o)
 .debug_frame   0x000025d4       0x2c c:/siliconlabs/simplicitystudio/v3_3/developer/toolchains/gnu_arm/4.8_2013q4/bin/../lib/gcc/arm-none-eabi/4.8.3/../../../../arm-none-eabi/lib/armv7e-m/softfp\libc_s.a(lib_a-nano-freer.o)
 .debug_frame   0x00002600       0x2c c:/siliconlabs/simplicitystudio/v3_3/developer/toolchains/gnu_arm/4.8_2013q4/bin/../lib/gcc/arm-none-eabi/4.8.3/../../../../arm-none-eabi/lib/armv7e-m/softfp\libc_s.a(lib_a-nano-mallocr.o)
 .debug_frame   0x0000262c       0x30 c:/siliconlabs/simplicitystudio/v3_3/developer/toolchains/gnu_arm/4.8_2013q4/bin/../lib/gcc/arm-none-eabi/4.8.3/../../../../arm-none-eabi/lib/armv7e-m/softfp\libc_s.a(lib_a-nano-reallocr.o)
 .debug_frame   0x0000265c       0x2c c:/siliconlabs/simplicitystudio/v3_3/developer/toolchains/gnu_arm/4.8_2013q4/bin/../lib/gcc/arm-none-eabi/4.8.3/../../../../arm-none-eabi/lib/armv7e-m/softfp\libc_s.a(lib_a-sbrkr.o)
 .debug_frame   0x00002688       0x20 c:/siliconlabs/simplicitystudio/v3_3/developer/toolchains/gnu_arm/4.8_2013q4/bin/../lib/gcc/arm-none-eabi/4.8.3/../../../../arm-none-eabi/lib/armv7e-m/softfp\libc_s.a(lib_a-nano-msizer.o)
 .debug_frame   0x000026a8       0x48 c:/siliconlabs/simplicitystudio/v3_3/developer/toolchains/gnu_arm/4.8_2013q4/bin/../lib/gcc/arm-none-eabi/4.8.3/../../../../arm-none-eabi/lib/armv7e-m/softfp\libc_s.a(lib_a-reent.o)
 .debug_frame   0x000026f0       0x20 c:/siliconlabs/simplicitystudio/v3_3/developer/toolchains/gnu_arm/4.8_2013q4/bin/../lib/gcc/arm-none-eabi/4.8.3/../../../../arm-none-eabi/lib/armv7e-m/softfp\libnosys.a(sbrk.o)
 .debug_frame   0x00002710       0x20 c:/siliconlabs/simplicitystudio/v3_3/developer/toolchains/gnu_arm/4.8_2013q4/bin/../lib/gcc/arm-none-eabi/4.8.3/../../../../arm-none-eabi/lib/armv7e-m/softfp\libnosys.a(_exit.o)

.stabstr        0x00000000       0xdf
 .stabstr       0x00000000       0xdf c:/siliconlabs/simplicitystudio/v3_3/developer/toolchains/gnu_arm/4.8_2013q4/bin/../lib/gcc/arm-none-eabi/4.8.3/../../../../arm-none-eabi/lib/armv7e-m/softfp\libnosys.a(close.o)
