Archive member included because of file (symbol)

c:/siliconlabs/simplicitystudio/v3/developer/toolchains/gnu_arm/4.8_2013q4/bin/../lib/gcc/arm-none-eabi/4.8.3/armv7e-m/softfp\libgcc.a(_aeabi_uldivmod.o)
                              ./Drivers/em_usart.o (__aeabi_uldivmod)
c:/siliconlabs/simplicitystudio/v3/developer/toolchains/gnu_arm/4.8_2013q4/bin/../lib/gcc/arm-none-eabi/4.8.3/armv7e-m/softfp\libgcc.a(bpabi.o)
                              c:/siliconlabs/simplicitystudio/v3/developer/toolchains/gnu_arm/4.8_2013q4/bin/../lib/gcc/arm-none-eabi/4.8.3/armv7e-m/softfp\libgcc.a(_aeabi_uldivmod.o) (__gnu_uldivmod_helper)
c:/siliconlabs/simplicitystudio/v3/developer/toolchains/gnu_arm/4.8_2013q4/bin/../lib/gcc/arm-none-eabi/4.8.3/armv7e-m/softfp\libgcc.a(_dvmd_tls.o)
                              c:/siliconlabs/simplicitystudio/v3/developer/toolchains/gnu_arm/4.8_2013q4/bin/../lib/gcc/arm-none-eabi/4.8.3/armv7e-m/softfp\libgcc.a(_aeabi_uldivmod.o) (__aeabi_ldiv0)
c:/siliconlabs/simplicitystudio/v3/developer/toolchains/gnu_arm/4.8_2013q4/bin/../lib/gcc/arm-none-eabi/4.8.3/armv7e-m/softfp\libgcc.a(_divdi3.o)
                              c:/siliconlabs/simplicitystudio/v3/developer/toolchains/gnu_arm/4.8_2013q4/bin/../lib/gcc/arm-none-eabi/4.8.3/armv7e-m/softfp\libgcc.a(bpabi.o) (__divdi3)
c:/siliconlabs/simplicitystudio/v3/developer/toolchains/gnu_arm/4.8_2013q4/bin/../lib/gcc/arm-none-eabi/4.8.3/armv7e-m/softfp\libgcc.a(_udivdi3.o)
                              c:/siliconlabs/simplicitystudio/v3/developer/toolchains/gnu_arm/4.8_2013q4/bin/../lib/gcc/arm-none-eabi/4.8.3/armv7e-m/softfp\libgcc.a(bpabi.o) (__udivdi3)
c:/siliconlabs/simplicitystudio/v3/developer/toolchains/gnu_arm/4.8_2013q4/bin/../lib/gcc/arm-none-eabi/4.8.3/../../../../arm-none-eabi/lib/armv7e-m/softfp\libc_s.a(lib_a-abs.o)
                              ./Drivers/segmentlcd.o (abs)
c:/siliconlabs/simplicitystudio/v3/developer/toolchains/gnu_arm/4.8_2013q4/bin/../lib/gcc/arm-none-eabi/4.8.3/../../../../arm-none-eabi/lib/armv7e-m/softfp\libc_s.a(lib_a-exit.o)
                              c:/siliconlabs/simplicitystudio/v3/developer/toolchains/gnu_arm/4.8_2013q4/bin/../lib/gcc/arm-none-eabi/4.8.3/../../../../arm-none-eabi/lib/armv7e-m/softfp/crt0.o (exit)
c:/siliconlabs/simplicitystudio/v3/developer/toolchains/gnu_arm/4.8_2013q4/bin/../lib/gcc/arm-none-eabi/4.8.3/../../../../arm-none-eabi/lib/armv7e-m/softfp\libc_s.a(lib_a-impure.o)
                              c:/siliconlabs/simplicitystudio/v3/developer/toolchains/gnu_arm/4.8_2013q4/bin/../lib/gcc/arm-none-eabi/4.8.3/../../../../arm-none-eabi/lib/armv7e-m/softfp\libc_s.a(lib_a-exit.o) (_global_impure_ptr)
c:/siliconlabs/simplicitystudio/v3/developer/toolchains/gnu_arm/4.8_2013q4/bin/../lib/gcc/arm-none-eabi/4.8.3/../../../../arm-none-eabi/lib/armv7e-m/softfp\libc_s.a(lib_a-init.o)
                              c:/siliconlabs/simplicitystudio/v3/developer/toolchains/gnu_arm/4.8_2013q4/bin/../lib/gcc/arm-none-eabi/4.8.3/../../../../arm-none-eabi/lib/armv7e-m/softfp/crt0.o (__libc_init_array)
c:/siliconlabs/simplicitystudio/v3/developer/toolchains/gnu_arm/4.8_2013q4/bin/../lib/gcc/arm-none-eabi/4.8.3/../../../../arm-none-eabi/lib/armv7e-m/softfp\libc_s.a(lib_a-memset.o)
                              c:/siliconlabs/simplicitystudio/v3/developer/toolchains/gnu_arm/4.8_2013q4/bin/../lib/gcc/arm-none-eabi/4.8.3/../../../../arm-none-eabi/lib/armv7e-m/softfp/crt0.o (memset)
c:/siliconlabs/simplicitystudio/v3/developer/toolchains/gnu_arm/4.8_2013q4/bin/../lib/gcc/arm-none-eabi/4.8.3/../../../../arm-none-eabi/lib/armv7e-m/softfp\libc_s.a(lib_a-setvbuf.o)
                              ./Drivers/retargetserial.o (setvbuf)
c:/siliconlabs/simplicitystudio/v3/developer/toolchains/gnu_arm/4.8_2013q4/bin/../lib/gcc/arm-none-eabi/4.8.3/../../../../arm-none-eabi/lib/armv7e-m/softfp\libc_s.a(lib_a-snprintf.o)
                              ./src/touchdemo.o (snprintf)
c:/siliconlabs/simplicitystudio/v3/developer/toolchains/gnu_arm/4.8_2013q4/bin/../lib/gcc/arm-none-eabi/4.8.3/../../../../arm-none-eabi/lib/armv7e-m/softfp\libc_s.a(lib_a-sprintf.o)
                              ./src/touchdemo.o (sprintf)
c:/siliconlabs/simplicitystudio/v3/developer/toolchains/gnu_arm/4.8_2013q4/bin/../lib/gcc/arm-none-eabi/4.8.3/../../../../arm-none-eabi/lib/armv7e-m/softfp\libc_s.a(lib_a-strlen.o)
                              ./src/touchdemo.o (strlen)
c:/siliconlabs/simplicitystudio/v3/developer/toolchains/gnu_arm/4.8_2013q4/bin/../lib/gcc/arm-none-eabi/4.8.3/../../../../arm-none-eabi/lib/armv7e-m/softfp\libc_s.a(lib_a-svfprintf.o)
                              c:/siliconlabs/simplicitystudio/v3/developer/toolchains/gnu_arm/4.8_2013q4/bin/../lib/gcc/arm-none-eabi/4.8.3/../../../../arm-none-eabi/lib/armv7e-m/softfp\libc_s.a(lib_a-snprintf.o) (_svfprintf_r)
[...]
Memory Configuration

Name             Origin             Length             Attributes
FLASH            0x00000000         0x00040000         xr
RAM              0x20000000         0x00008000         xrw
*default*        0x00000000         0xffffffff

Linker script and memory map

LOAD c:/siliconlabs/simplicitystudio/v3/developer/toolchains/gnu_arm/4.8_2013q4/bin/../lib/gcc/arm-none-eabi/4.8.3/armv7e-m/softfp/crti.o
LOAD c:/siliconlabs/simplicitystudio/v3/developer/toolchains/gnu_arm/4.8_2013q4/bin/../lib/gcc/arm-none-eabi/4.8.3/armv7e-m/softfp/crtbegin.o
LOAD c:/siliconlabs/simplicitystudio/v3/developer/toolchains/gnu_arm/4.8_2013q4/bin/../lib/gcc/arm-none-eabi/4.8.3/../../../../arm-none-eabi/lib/armv7e-m/softfp/crt0.o
LOAD ./src/touchdemo.o
LOAD ./emlib/em_acmp.o
LOAD ./emlib/em_assert.o
LOAD ./emlib/em_cmu.o
LOAD ./emlib/em_emu.o
LOAD ./emlib/em_gpio.o
LOAD ./emlib/em_int.o
LOAD ./emlib/em_lcd.o
LOAD ./emlib/em_lesense.o
LOAD ./emlib/em_rtc.o
LOAD ./emlib/em_system.o
LOAD ./emlib/em_vcmp.o
LOAD ./Drivers/caplesense.o
LOAD ./Drivers/em_usart.o
LOAD ./Drivers/retargetserial.o
LOAD ./Drivers/rtcdriver.o
LOAD ./Drivers/segmentlcd.o
LOAD ./Drivers/vddcheck.o
LOAD ./CMSIS/efm32wg/startup_efm32wg.o
LOAD ./CMSIS/efm32wg/system_efm32wg.o
LOAD ./BSP/bsp_trace.o
START GROUP
LOAD c:/siliconlabs/simplicitystudio/v3/developer/toolchains/gnu_arm/4.8_2013q4/bin/../lib/gcc/arm-none-eabi/4.8.3/armv7e-m/softfp\libgcc.a
LOAD c:/siliconlabs/simplicitystudio/v3/developer/toolchains/gnu_arm/4.8_2013q4/bin/../lib/gcc/arm-none-eabi/4.8.3/../../../../arm-none-eabi/lib/armv7e-m/softfp\libc_s.a
LOAD c:/siliconlabs/simplicitystudio/v3/developer/toolchains/gnu_arm/4.8_2013q4/bin/../lib/gcc/arm-none-eabi/4.8.3/../../../../arm-none-eabi/lib/armv7e-m/softfp\libnosys.a
END GROUP
START GROUP
LOAD c:/siliconlabs/simplicitystudio/v3/developer/toolchains/gnu_arm/4.8_2013q4/bin/../lib/gcc/arm-none-eabi/4.8.3/armv7e-m/softfp\libgcc.a
LOAD c:/siliconlabs/simplicitystudio/v3/developer/toolchains/gnu_arm/4.8_2013q4/bin/../lib/gcc/arm-none-eabi/4.8.3/../../../../arm-none-eabi/lib/armv7e-m/softfp\libg_s.a
LOAD c:/siliconlabs/simplicitystudio/v3/developer/toolchains/gnu_arm/4.8_2013q4/bin/../lib/gcc/arm-none-eabi/4.8.3/../../../../arm-none-eabi/lib/armv7e-m/softfp\libc_s.a
END GROUP
START GROUP
LOAD c:/siliconlabs/simplicitystudio/v3/developer/toolchains/gnu_arm/4.8_2013q4/bin/../lib/gcc/arm-none-eabi/4.8.3/armv7e-m/softfp\libgcc.a
LOAD c:/siliconlabs/simplicitystudio/v3/developer/toolchains/gnu_arm/4.8_2013q4/bin/../lib/gcc/arm-none-eabi/4.8.3/../../../../arm-none-eabi/lib/armv7e-m/softfp\libc_s.a
END GROUP
LOAD c:/siliconlabs/simplicitystudio/v3/developer/toolchains/gnu_arm/4.8_2013q4/bin/../lib/gcc/arm-none-eabi/4.8.3/armv7e-m/softfp/crtend.o
LOAD c:/siliconlabs/simplicitystudio/v3/developer/toolchains/gnu_arm/4.8_2013q4/bin/../lib/gcc/arm-none-eabi/4.8.3/armv7e-m/softfp/crtn.o

.text           0x00000000     0x6634
 *(.vectors)
 .vectors       0x00000000       0xe0 ./CMSIS/efm32wg/startup_efm32wg.o
                0x00000000                __Vectors
                0x000000e0                __Vectors_End = .
                0x000000e0                __Vectors_Size = (__Vectors_End - __Vectors)
                0x000000e0                __end__ = .
 *(.text*)
 .text          0x000000e0       0x54 c:/siliconlabs/simplicitystudio/v3/developer/toolchains/gnu_arm/4.8_2013q4/bin/../lib/gcc/arm-none-eabi/4.8.3/armv7e-m/softfp/crtbegin.o
 .text          0x00000134       0x74 c:/siliconlabs/simplicitystudio/v3/developer/toolchains/gnu_arm/4.8_2013q4/bin/../lib/gcc/arm-none-eabi/4.8.3/../../../../arm-none-eabi/lib/armv7e-m/softfp/crt0.o
                0x00000134                _start
                0x00000134                _mainCRTStartup
 .text.NVIC_EnableIRQ
                0x000001a8       0x30 ./src/touchdemo.o
 .text.NVIC_ClearPendingIRQ
                0x000001d8       0x34 ./src/touchdemo.o
 .text.SystemCoreClockUpdate
                0x0000020c        0xc ./src/touchdemo.o
 .text.GPIO_IntClear
                0x00000218       0x20 ./src/touchdemo.o
 .text.GPIO_IntConfig
                0x00000238       0x2c ./src/touchdemo.o
 .text.CHIP_Init
                0x00000264        0xc ./src/touchdemo.o
 .text.GPIO_ODD_IRQHandler
                0x00000270       0x40 ./src/touchdemo.o
                0x00000270                GPIO_ODD_IRQHandler
 .text.GPIO_EVEN_IRQHandler
                0x000002b0       0x3c ./src/touchdemo.o
                0x000002b0                GPIO_EVEN_IRQHandler
 .text.gpioSetup
                0x000002ec       0x68 ./src/touchdemo.o
                0x000002ec                gpioSetup
 .text.USART1Setup
                0x00000354       0xe4 ./src/touchdemo.o
                0x00000354                USART1Setup
 .text.capSenseAringUpdate
                0x00000438       0x60 ./src/touchdemo.o
                0x00000438                capSenseAringUpdate
 .text.capSenseBars
                0x00000498       0xac ./src/touchdemo.o
                0x00000498                capSenseBars
 .text.capSenseValues
                0x00000544       0xdc ./src/touchdemo.o
                0x00000544                capSenseValues
 .text.capSenseScrollText
                0x00000620       0x80 ./src/touchdemo.o
                0x00000620                capSenseScrollText
 .text.capSenseDemo
                0x000006a0      0x134 ./src/touchdemo.o
                0x000006a0                capSenseDemo
 .text.capSenseTimerFired
                0x000007d4       0x20 ./src/touchdemo.o
                0x000007d4                capSenseTimerFired
 .text.capSenseScanComplete
                0x000007f4        0xc ./src/touchdemo.o
                0x000007f4                capSenseScanComplete
 .text.capSenseChTrigger
                0x00000800       0x18 ./src/touchdemo.o
                0x00000800                capSenseChTrigger
 .text.USART_TxString
                0x00000818       0x38 ./src/touchdemo.o
                0x00000818                USART_TxString
 .text.Print_Touch
                0x00000850       0x28 ./src/touchdemo.o
                0x00000850                Print_Touch
 .text.main     0x00000878       0x28 ./src/touchdemo.o
                0x00000878                main
 .text.BUS_RegBitWrite
                0x000008a0       0x2c ./emlib/em_acmp.o
 .text.BUS_RegMaskedWrite
                0x000008cc       0x28 ./emlib/em_acmp.o
 .text.ACMP_CapsenseInit
                0x000008f4       0x8c ./emlib/em_acmp.o
                0x000008f4                ACMP_CapsenseInit
 .text.ACMP_GPIOSetup
                0x00000980       0x4c ./emlib/em_acmp.o
                0x00000980                ACMP_GPIOSetup
 .text.BUS_RegBitWrite
                0x000009cc       0x2c ./emlib/em_cmu.o
 .text.BUS_RegBitRead
                0x000009f8       0x2c ./emlib/em_cmu.o
 .text.CMU_DivToLog2
                0x00000a24       0x34 ./emlib/em_cmu.o
 .text.SYSTEM_GetProdRev
                0x00000a58       0x1c ./emlib/em_cmu.o
 .text.setHfLeConfig
                0x00000a74       0x3c ./emlib/em_cmu.o
 .text.getHfLeConfig
                0x00000ab0       0x2c ./emlib/em_cmu.o
 .text.auxClkGet
                0x00000adc       0xb0 ./emlib/em_cmu.o
 .text.dbgClkGet
                0x00000b8c       0x40 ./emlib/em_cmu.o
 .text.flashWaitStateControl
                0x00000bcc       0xb8 ./emlib/em_cmu.o
 .text.flashWaitStateMax
                0x00000c84       0x14 ./emlib/em_cmu.o
 .text.lfClkGet
                0x00000c98       0xec ./emlib/em_cmu.o
 .text.syncReg  0x00000d84       0x34 ./emlib/em_cmu.o
 .text.usbCClkGet
                0x00000db8       0x4c ./emlib/em_cmu.o
 .text.CMU_ClockDivSet
                0x00000e04      0x22c ./emlib/em_cmu.o
                0x00000e04                CMU_ClockDivSet
 .text.CMU_ClockEnable
                0x00001030       0xd4 ./emlib/em_cmu.o
                0x00001030                CMU_ClockEnable
 .text.CMU_ClockFreqGet
                0x00001104      0x1d8 ./emlib/em_cmu.o
                0x00001104                CMU_ClockFreqGet
 .text.CMU_ClockSelectGet
                0x000012dc      0x160 ./emlib/em_cmu.o
                0x000012dc                CMU_ClockSelectGet
 .text.CMU_ClockSelectSet
                0x0000143c      0x298 ./emlib/em_cmu.o
                0x0000143c                CMU_ClockSelectSet
 .text.CMU_LCDClkFDIVSet
                0x000016d4       0x3c ./emlib/em_cmu.o
                0x000016d4                CMU_LCDClkFDIVSet
 .text.CMU_OscillatorEnable
                0x00001710       0xc0 ./emlib/em_cmu.o
                0x00001710                CMU_OscillatorEnable
 .text.SystemCoreClockUpdate
                0x000017d0        0xc ./emlib/em_emu.o
 .text.CMU_Lock
                0x000017dc       0x18 ./emlib/em_emu.o
 .text.CMU_Unlock
                0x000017f4       0x1c ./emlib/em_emu.o
 .text.emuRestore
                0x00001810       0xf0 ./emlib/em_emu.o
 .text.getErrataFixEmuE107En
                0x00001900       0x58 ./emlib/em_emu.o
 .text.EMU_EnterEM2
                0x00001958       0x9c ./emlib/em_emu.o
                0x00001958                EMU_EnterEM2
 .text.EMU_UpdateOscConfig
                0x000019f4       0x1c ./emlib/em_emu.o
                0x000019f4                EMU_UpdateOscConfig
 .text.BUS_RegBitWrite
                0x00001a10       0x2c ./emlib/em_gpio.o
 .text.BUS_RegMaskedWrite
                0x00001a3c       0x28 ./emlib/em_gpio.o
 .text.GPIO_PinOutClear
                0x00001a64       0x58 ./emlib/em_gpio.o
 .text.GPIO_PinOutSet
                0x00001abc       0x58 ./emlib/em_gpio.o
 .text.GPIO_DriveModeSet
                0x00001b14       0x70 ./emlib/em_gpio.o
                0x00001b14                GPIO_DriveModeSet
 .text.GPIO_ExtIntConfig
                0x00001b84       0xcc ./emlib/em_gpio.o
                0x00001b84                GPIO_ExtIntConfig
 .text.GPIO_PinModeSet
                0x00001c50      0x110 ./emlib/em_gpio.o
                0x00001c50                GPIO_PinModeSet
 .text.LCD_Enable
                0x00001d60       0x38 ./emlib/em_lcd.o
 .text.BUS_RegBitWrite
                0x00001d98       0x2c ./emlib/em_lcd.o
 .text.LCD_Init
                0x00001dc4       0x70 ./emlib/em_lcd.o
                0x00001dc4                LCD_Init
 .text.LCD_VLCDSelect
                0x00001e34       0x44 ./emlib/em_lcd.o
                0x00001e34                LCD_VLCDSelect
 .text.LCD_SegmentRangeEnable
                0x00001e78       0x40 ./emlib/em_lcd.o
                0x00001e78                LCD_SegmentRangeEnable
 .text.LCD_SegmentSet
                0x00001eb8      0x1e4 ./emlib/em_lcd.o
                0x00001eb8                LCD_SegmentSet
 .text.LCD_SegmentSetLow
                0x0000209c      0x17c ./emlib/em_lcd.o
                0x0000209c                LCD_SegmentSetLow
 .text.LCD_SegmentSetHigh
                0x00002218      0x17c ./emlib/em_lcd.o
                0x00002218                LCD_SegmentSetHigh
 .text.LCD_VBoostSet
                0x00002394       0x28 ./emlib/em_lcd.o
                0x00002394                LCD_VBoostSet
 .text.BUS_RegBitWrite
                0x000023bc       0x2c ./emlib/em_lesense.o
 .text.LESENSE_Init
                0x000023e8      0x168 ./emlib/em_lesense.o
                0x000023e8                LESENSE_Init
 .text.LESENSE_ScanFreqSet
                0x00002550       0xbc ./emlib/em_lesense.o
                0x00002550                LESENSE_ScanFreqSet
 .text.LESENSE_ScanModeSet
                0x0000260c       0x3c ./emlib/em_lesense.o
                0x0000260c                LESENSE_ScanModeSet
 .text.LESENSE_StartDelaySet
                0x00002648       0x34 ./emlib/em_lesense.o
                0x00002648                LESENSE_StartDelaySet
 .text.LESENSE_ClkDivSet
                0x0000267c       0x60 ./emlib/em_lesense.o
                0x0000267c                LESENSE_ClkDivSet
 .text.LESENSE_ChannelAllConfig
                0x000026dc       0x30 ./emlib/em_lesense.o
                0x000026dc                LESENSE_ChannelAllConfig
 .text.LESENSE_ChannelConfig
                0x0000270c      0x168 ./emlib/em_lesense.o
                0x0000270c                LESENSE_ChannelConfig
 .text.LESENSE_ChannelTimingSet
                0x00002874       0x38 ./emlib/em_lesense.o
                0x00002874                LESENSE_ChannelTimingSet
 .text.LESENSE_ChannelThresSet
                0x000028ac       0x78 ./emlib/em_lesense.o
                0x000028ac                LESENSE_ChannelThresSet
 .text.LESENSE_DecoderStateSet
                0x00002924       0x20 ./emlib/em_lesense.o
                0x00002924                LESENSE_DecoderStateSet
 .text.LESENSE_ScanStart
                0x00002944       0x34 ./emlib/em_lesense.o
                0x00002944                LESENSE_ScanStart
 .text.LESENSE_ScanStop
                0x00002978       0x34 ./emlib/em_lesense.o
                0x00002978                LESENSE_ScanStop
 .text.LESENSE_ResultBufferClear
                0x000029ac       0x34 ./emlib/em_lesense.o
                0x000029ac                LESENSE_ResultBufferClear
 .text.LESENSE_Reset
                0x000029e0       0xec ./emlib/em_lesense.o
                0x000029e0                LESENSE_Reset
 .text.BUS_RegBitWrite
                0x00002acc       0x2c ./emlib/em_rtc.o
 .text.RTC_CompareGet
                0x00002af8       0x3c ./emlib/em_rtc.o
                0x00002af8                RTC_CompareGet
 .text.RTC_CompareSet
                0x00002b34       0x4c ./emlib/em_rtc.o
                0x00002b34                RTC_CompareSet
 .text.RTC_Enable
                0x00002b80       0x20 ./emlib/em_rtc.o
                0x00002b80                RTC_Enable
 .text.RTC_Init
                0x00002ba0       0x50 ./emlib/em_rtc.o
                0x00002ba0                RTC_Init
 .text.RTC_CounterReset
                0x00002bf0       0x14 ./emlib/em_rtc.o
                0x00002bf0                RTC_CounterReset
 .text.VCMP_Ready
                0x00002c04       0x24 ./emlib/em_vcmp.o
 .text.VCMP_IntClear
                0x00002c28       0x1c ./emlib/em_vcmp.o
 .text.VCMP_Init
                0x00002c44      0x1a4 ./emlib/em_vcmp.o
                0x00002c44                VCMP_Init
 .text.VCMP_LowPowerRefSet
                0x00002de8       0x3c ./emlib/em_vcmp.o
                0x00002de8                VCMP_LowPowerRefSet
 .text.VCMP_TriggerSet
                0x00002e24       0x34 ./emlib/em_vcmp.o
                0x00002e24                VCMP_TriggerSet
 .text.NVIC_EnableIRQ
                0x00002e58       0x30 ./Drivers/caplesense.o
 .text.SystemCoreClockUpdate
                0x00002e88        0xc ./Drivers/caplesense.o
 .text.INT_Disable
                0x00002e94       0x2c ./Drivers/caplesense.o
 .text.INT_Enable
                0x00002ec0       0x3c ./Drivers/caplesense.o
 .text.LESENSE_StatusGet
                0x00002efc       0x18 ./Drivers/caplesense.o
 .text.LESENSE_ScanResultDataGet
                0x00002f14       0x18 ./Drivers/caplesense.o
 .text.LESENSE_ScanResultDataBufferGet
                0x00002f2c       0x28 ./Drivers/caplesense.o
 .text.LESENSE_IntClear
                0x00002f54       0x1c ./Drivers/caplesense.o
 .text.LESENSE_IntEnable
                0x00002f70       0x24 ./Drivers/caplesense.o
 .text.LESENSE_IntDisable
                0x00002f94       0x24 ./Drivers/caplesense.o
 .text.LESENSE_IntGetEnabled
                0x00002fb8       0x24 ./Drivers/caplesense.o
 .text.CAPLESENSE_setupCMU
                0x00002fdc       0x7c ./Drivers/caplesense.o
                0x00002fdc                CAPLESENSE_setupCMU
 .text.CAPLESENSE_setupGPIO
                0x00003058       0x40 ./Drivers/caplesense.o
                0x00003058                CAPLESENSE_setupGPIO
 .text.CAPLESENSE_setupACMP
                0x00003098       0x3c ./Drivers/caplesense.o
                0x00003098                CAPLESENSE_setupACMP
 .text.CAPLESENSE_setupLESENSE
                0x000030d4      0x194 ./Drivers/caplesense.o
                0x000030d4                CAPLESENSE_setupLESENSE
 .text.CAPLESENSE_setupCallbacks
                0x00003268       0x28 ./Drivers/caplesense.o
                0x00003268                CAPLESENSE_setupCallbacks
 .text.LESENSE_IRQHandler
                0x00003290       0xdc ./Drivers/caplesense.o
                0x00003290                LESENSE_IRQHandler
 .text.CAPLESENSE_getSegmentChannel
                0x0000336c       0x40 ./Drivers/caplesense.o
                0x0000336c                CAPLESENSE_getSegmentChannel
 .text.CAPLESENSE_getNormalizedVal
                0x000033ac       0x38 ./Drivers/caplesense.o
                0x000033ac                CAPLESENSE_getNormalizedVal
 .text.CAPLESENSE_getSliderPosition
                0x000033e4      0x160 ./Drivers/caplesense.o
                0x000033e4                CAPLESENSE_getSliderPosition
 .text.CAPLESENSE_Sleep
                0x00003544        0xc ./Drivers/caplesense.o
                0x00003544                CAPLESENSE_Sleep
 .text.CAPLESENSE_Init
                0x00003550       0x2c ./Drivers/caplesense.o
                0x00003550                CAPLESENSE_Init
 .text.USART_BaudrateAsyncSet
                0x0000357c       0xb0 ./Drivers/em_usart.o
                0x0000357c                USART_BaudrateAsyncSet
 .text.USART_InitAsync
                0x0000362c       0xb4 ./Drivers/em_usart.o
                0x0000362c                USART_InitAsync
 .text.USART_InitPrsTrigger
                0x000036e0       0x60 ./Drivers/em_usart.o
                0x000036e0                USART_InitPrsTrigger
 .text.USART_Reset
                0x00003740       0xb0 ./Drivers/em_usart.o
                0x00003740                USART_Reset
 .text.USART_Rx
                0x000037f0       0x28 ./Drivers/em_usart.o
                0x000037f0                USART_Rx
 .text.USART_Tx
                0x00003818       0x2c ./Drivers/em_usart.o
                0x00003818                USART_Tx
 .text.USART1_RX_IRQHandler
                0x00003844       0x74 ./Drivers/retargetserial.o
                0x00003844                USART1_RX_IRQHandler
 .text.NVIC_EnableIRQ
                0x000038b8       0x30 ./Drivers/rtcdriver.o
 .text.NVIC_ClearPendingIRQ
                0x000038e8       0x34 ./Drivers/rtcdriver.o
 .text.INT_Disable
                0x0000391c       0x2c ./Drivers/rtcdriver.o
 .text.INT_Enable
                0x00003948       0x3c ./Drivers/rtcdriver.o
 .text.RTC_CounterGet
                0x00003984       0x18 ./Drivers/rtcdriver.o
 .text.RTC_IntClear
                0x0000399c       0x1c ./Drivers/rtcdriver.o
 .text.RTC_IntDisable
                0x000039b8       0x24 ./Drivers/rtcdriver.o
 .text.RTC_IntEnable
                0x000039dc       0x24 ./Drivers/rtcdriver.o
 .text.RTC_IntGet
                0x00003a00       0x18 ./Drivers/rtcdriver.o
 .text.RTCDRV_AllocateTimer
                0x00003a18       0x88 ./Drivers/rtcdriver.o
                0x00003a18                RTCDRV_AllocateTimer
 .text.RTCDRV_Init
                0x00003aa0       0xa0 ./Drivers/rtcdriver.o
                0x00003aa0                RTCDRV_Init
 .text.RTCDRV_StartTimer
                0x00003b40      0x344 ./Drivers/rtcdriver.o
                0x00003b40                RTCDRV_StartTimer
 .text.RTC_IRQHandler
                0x00003e84       0xa4 ./Drivers/rtcdriver.o
                0x00003e84                RTC_IRQHandler
 .text.checkAllTimers
                0x00003f28      0x2a8 ./Drivers/rtcdriver.o
 .text.executeTimerCallbacks
                0x000041d0       0x64 ./Drivers/rtcdriver.o
 .text.rescheduleRtc
                0x00004234      0x10c ./Drivers/rtcdriver.o
 .text.LCD_Enable
                0x00004340       0x38 ./Drivers/segmentlcd.o
 .text.LCD_FreezeEnable
                0x00004378       0x2c ./Drivers/segmentlcd.o
 .text.LCD_SyncBusyDelay
                0x000043a4       0x24 ./Drivers/segmentlcd.o
 .text.LCD_IntDisable
                0x000043c8       0x24 ./Drivers/segmentlcd.o
 .text.SegmentLCD_AllOff
                0x000043ec       0xac ./Drivers/segmentlcd.o
                0x000043ec                SegmentLCD_AllOff
 .text.SegmentLCD_AlphaNumberOff
                0x00004498       0xa8 ./Drivers/segmentlcd.o
                0x00004498                SegmentLCD_AlphaNumberOff
 .text.SegmentLCD_ARing
                0x00004540       0x54 ./Drivers/segmentlcd.o
                0x00004540                SegmentLCD_ARing
 .text.SegmentLCD_Disable
                0x00004594       0x28 ./Drivers/segmentlcd.o
                0x00004594                SegmentLCD_Disable
 .text.SegmentLCD_Init
                0x000045bc       0xb8 ./Drivers/segmentlcd.o
                0x000045bc                SegmentLCD_Init
 .text.SegmentLCD_Number
                0x00004674      0x124 ./Drivers/segmentlcd.o
                0x00004674                SegmentLCD_Number
 .text.SegmentLCD_NumberOff
                0x00004798       0x50 ./Drivers/segmentlcd.o
                0x00004798                SegmentLCD_NumberOff
 .text.SegmentLCD_Symbol
                0x000047e8      0x130 ./Drivers/segmentlcd.o
                0x000047e8                SegmentLCD_Symbol
 .text.SegmentLCD_Write
                0x00004918       0xd8 ./Drivers/segmentlcd.o
                0x00004918                SegmentLCD_Write
 .text.VCMP_Disable
                0x000049f0       0x1c ./Drivers/vddcheck.o
 .text.VCMP_VoltageToLevel
                0x00004a0c       0x3c ./Drivers/vddcheck.o
 .text.VCMP_VDDHigher
                0x00004a48       0x24 ./Drivers/vddcheck.o
 .text.VCMP_Ready
                0x00004a6c       0x24 ./Drivers/vddcheck.o
 .text.VDDCHECK_Init
                0x00004a90       0x20 ./Drivers/vddcheck.o
                0x00004a90                VDDCHECK_Init
 .text.VDDCHECK_Disable
                0x00004ab0       0x18 ./Drivers/vddcheck.o
                0x00004ab0                VDDCHECK_Disable
 .text.VDDCHECK_LowVoltage
                0x00004ac8       0x70 ./Drivers/vddcheck.o
                0x00004ac8                VDDCHECK_LowVoltage
 .text          0x00004b38       0x30 ./CMSIS/efm32wg/startup_efm32wg.o
                0x00004b38                Reset_Handler
                0x00004b64                DebugMon_Handler
                0x00004b64                USART0_TX_IRQHandler
                0x00004b64                I2C0_IRQHandler
                0x00004b64                HardFault_Handler
                0x00004b64                LEUART1_IRQHandler
                0x00004b64                SysTick_Handler
                0x00004b64                PendSV_Handler
                0x00004b64                NMI_Handler
                0x00004b64                I2C1_IRQHandler
                0x00004b64                TIMER3_IRQHandler
                0x00004b64                USART1_TX_IRQHandler
                0x00004b64                MSC_IRQHandler
                0x00004b64                ADC0_IRQHandler
                0x00004b64                UsageFault_Handler
                0x00004b64                LEUART0_IRQHandler
                0x00004b64                FPUEH_IRQHandler
                0x00004b64                UART0_TX_IRQHandler
                0x00004b64                UART1_TX_IRQHandler
                0x00004b64                TIMER0_IRQHandler
                0x00004b64                TIMER2_IRQHandler
                0x00004b64                LCD_IRQHandler
                0x00004b64                PCNT2_IRQHandler
                0x00004b64                UART0_RX_IRQHandler
                0x00004b64                LETIMER0_IRQHandler
                0x00004b64                TIMER1_IRQHandler
                0x00004b64                USART2_RX_IRQHandler
                0x00004b64                Default_Handler
                0x00004b64                EMU_IRQHandler
                0x00004b64                PCNT0_IRQHandler
                0x00004b64                USB_IRQHandler
                0x00004b64                BURTC_IRQHandler
                0x00004b64                PCNT1_IRQHandler
                0x00004b64                ACMP0_IRQHandler
                0x00004b64                USART0_RX_IRQHandler
                0x00004b64                MemManage_Handler
                0x00004b64                SVC_Handler
                0x00004b64                DAC0_IRQHandler
                0x00004b64                UART1_RX_IRQHandler
                0x00004b64                CMU_IRQHandler
                0x00004b64                EBI_IRQHandler
                0x00004b64                AES_IRQHandler
                0x00004b64                VCMP_IRQHandler
                0x00004b64                DMA_IRQHandler
                0x00004b64                BusFault_Handler
                0x00004b64                USART2_TX_IRQHandler
 .text.GetProdRev
                0x00004b68       0x1c ./CMSIS/efm32wg/system_efm32wg.o
 .text.SystemCoreClockGet
                0x00004b84       0x34 ./CMSIS/efm32wg/system_efm32wg.o
                0x00004b84                SystemCoreClockGet
 .text.SystemMaxCoreClockGet
                0x00004bb8       0x14 ./CMSIS/efm32wg/system_efm32wg.o
                0x00004bb8                SystemMaxCoreClockGet
 .text.SystemHFClockGet
                0x00004bcc      0x100 ./CMSIS/efm32wg/system_efm32wg.o
                0x00004bcc                SystemHFClockGet
 .text.SystemHFXOClockGet
                0x00004ccc       0x18 ./CMSIS/efm32wg/system_efm32wg.o
                0x00004ccc                SystemHFXOClockGet
 .text.SystemInit
                0x00004ce4       0x20 ./CMSIS/efm32wg/system_efm32wg.o
                0x00004ce4                SystemInit
 .text.SystemLFRCOClockGet
                0x00004d04       0x14 ./CMSIS/efm32wg/system_efm32wg.o
                0x00004d04                SystemLFRCOClockGet
 .text.SystemULFRCOClockGet
                0x00004d18       0x14 ./CMSIS/efm32wg/system_efm32wg.o
                0x00004d18                SystemULFRCOClockGet
 .text.SystemLFXOClockGet
                0x00004d2c       0x18 ./CMSIS/efm32wg/system_efm32wg.o
                0x00004d2c                SystemLFXOClockGet
 .text.BSP_TraceSwoSetup
                0x00004d44      0x114 ./BSP/bsp_trace.o
                0x00004d44                BSP_TraceSwoSetup
 .text.BSP_TraceProfilerSetup
                0x00004e58       0x28 ./BSP/bsp_trace.o
                0x00004e58                BSP_TraceProfilerSetup
 .text          0x00004e80       0x2c c:/siliconlabs/simplicitystudio/v3/developer/toolchains/gnu_arm/4.8_2013q4/bin/../lib/gcc/arm-none-eabi/4.8.3/armv7e-m/softfp\libgcc.a(_aeabi_uldivmod.o)
                0x00004e80                __aeabi_uldivmod
 .text          0x00004eac       0x60 c:/siliconlabs/simplicitystudio/v3/developer/toolchains/gnu_arm/4.8_2013q4/bin/../lib/gcc/arm-none-eabi/4.8.3/armv7e-m/softfp\libgcc.a(bpabi.o)
                0x00004eac                __gnu_ldivmod_helper
                0x00004edc                __gnu_uldivmod_helper
 .text          0x00004f0c        0x4 c:/siliconlabs/simplicitystudio/v3/developer/toolchains/gnu_arm/4.8_2013q4/bin/../lib/gcc/arm-none-eabi/4.8.3/armv7e-m/softfp\libgcc.a(_dvmd_tls.o)
                0x00004f0c                __aeabi_idiv0
                0x00004f0c                __aeabi_ldiv0
 .text          0x00004f10      0x298 c:/siliconlabs/simplicitystudio/v3/developer/toolchains/gnu_arm/4.8_2013q4/bin/../lib/gcc/arm-none-eabi/4.8.3/armv7e-m/softfp\libgcc.a(_divdi3.o)
                0x00004f10                __divdi3
 .text          0x000051a8      0x284 c:/siliconlabs/simplicitystudio/v3/developer/toolchains/gnu_arm/4.8_2013q4/bin/../lib/gcc/arm-none-eabi/4.8.3/armv7e-m/softfp\libgcc.a(_udivdi3.o)
                0x000051a8                __udivdi3
 .text.abs      0x0000542c        0x8 c:/siliconlabs/simplicitystudio/v3/developer/toolchains/gnu_arm/4.8_2013q4/bin/../lib/gcc/arm-none-eabi/4.8.3/../../../../arm-none-eabi/lib/armv7e-m/softfp\libc_s.a(lib_a-abs.o)
                0x0000542c                abs
 .text.exit     0x00005434       0x28 c:/siliconlabs/simplicitystudio/v3/developer/toolchains/gnu_arm/4.8_2013q4/bin/../lib/gcc/arm-none-eabi/4.8.3/../../../../arm-none-eabi/lib/armv7e-m/softfp\libc_s.a(lib_a-exit.o)
                0x00005434                exit
 .text.__libc_init_array
                0x0000545c       0x4c c:/siliconlabs/simplicitystudio/v3/developer/toolchains/gnu_arm/4.8_2013q4/bin/../lib/gcc/arm-none-eabi/4.8.3/../../../../arm-none-eabi/lib/armv7e-m/softfp\libc_s.a(lib_a-init.o)
                0x0000545c                __libc_init_array
 .text.memset   0x000054a8       0x10 c:/siliconlabs/simplicitystudio/v3/developer/toolchains/gnu_arm/4.8_2013q4/bin/../lib/gcc/arm-none-eabi/4.8.3/../../../../arm-none-eabi/lib/armv7e-m/softfp\libc_s.a(lib_a-memset.o)
                0x000054a8                memset
 .text.snprintf
                0x000054b8       0x64 c:/siliconlabs/simplicitystudio/v3/developer/toolchains/gnu_arm/4.8_2013q4/bin/../lib/gcc/arm-none-eabi/4.8.3/../../../../arm-none-eabi/lib/armv7e-m/softfp\libc_s.a(lib_a-snprintf.o)
                0x000054b8                sniprintf
                0x000054b8                snprintf
 .text.sprintf  0x0000551c       0x48 c:/siliconlabs/simplicitystudio/v3/developer/toolchains/gnu_arm/4.8_2013q4/bin/../lib/gcc/arm-none-eabi/4.8.3/../../../../arm-none-eabi/lib/armv7e-m/softfp\libc_s.a(lib_a-sprintf.o)
                0x0000551c                siprintf
                0x0000551c                sprintf
 .text.strlen   0x00005564       0x10 c:/siliconlabs/simplicitystudio/v3/developer/toolchains/gnu_arm/4.8_2013q4/bin/../lib/gcc/arm-none-eabi/4.8.3/../../../../arm-none-eabi/lib/armv7e-m/softfp\libc_s.a(lib_a-strlen.o)
                0x00005564                strlen
 .text.__ssputs_r
                0x00005574       0xb8 c:/siliconlabs/simplicitystudio/v3/developer/toolchains/gnu_arm/4.8_2013q4/bin/../lib/gcc/arm-none-eabi/4.8.3/../../../../arm-none-eabi/lib/armv7e-m/softfp\libc_s.a(lib_a-svfprintf.o)
                0x00005574                __ssputs_r
 .text._svfprintf_r
                0x0000562c      0x1dc c:/siliconlabs/simplicitystudio/v3/developer/toolchains/gnu_arm/4.8_2013q4/bin/../lib/gcc/arm-none-eabi/4.8.3/../../../../arm-none-eabi/lib/armv7e-m/softfp\libc_s.a(lib_a-svfprintf.o)
                0x0000562c                _svfiprintf_r
                0x0000562c                _svfprintf_r
 .text._printf_common
                0x00005808       0xe4 c:/siliconlabs/simplicitystudio/v3/developer/toolchains/gnu_arm/4.8_2013q4/bin/../lib/gcc/arm-none-eabi/4.8.3/../../../../arm-none-eabi/lib/armv7e-m/softfp\libc_s.a(lib_a-vfprintf_i.o)
                0x00005808                _printf_common
 .text._printf_i
                0x000058ec      0x228 c:/siliconlabs/simplicitystudio/v3/developer/toolchains/gnu_arm/4.8_2013q4/bin/../lib/gcc/arm-none-eabi/4.8.3/../../../../arm-none-eabi/lib/armv7e-m/softfp\libc_s.a(lib_a-vfprintf_i.o)
                0x000058ec                _printf_i
 .text.memchr   0x00005b14       0x1e c:/siliconlabs/simplicitystudio/v3/developer/toolchains/gnu_arm/4.8_2013q4/bin/../lib/gcc/arm-none-eabi/4.8.3/../../../../arm-none-eabi/lib/armv7e-m/softfp\libc_s.a(lib_a-memchr-stub.o)
                0x00005b14                memchr
 .text.memcpy   0x00005b32       0x12 c:/siliconlabs/simplicitystudio/v3/developer/toolchains/gnu_arm/4.8_2013q4/bin/../lib/gcc/arm-none-eabi/4.8.3/../../../../arm-none-eabi/lib/armv7e-m/softfp\libc_s.a(lib_a-memcpy-stub.o)
                0x00005b32                memcpy
 .text.memmove  0x00005b44       0x36 c:/siliconlabs/simplicitystudio/v3/developer/toolchains/gnu_arm/4.8_2013q4/bin/../lib/gcc/arm-none-eabi/4.8.3/../../../../arm-none-eabi/lib/armv7e-m/softfp\libc_s.a(lib_a-memmove.o)
                0x00005b44                memmove
 *fill*         0x00005b7a        0x2 
 .text._free_r  0x00005b7c       0x88 c:/siliconlabs/simplicitystudio/v3/developer/toolchains/gnu_arm/4.8_2013q4/bin/../lib/gcc/arm-none-eabi/4.8.3/../../../../arm-none-eabi/lib/armv7e-m/softfp\libc_s.a(lib_a-nano-freer.o)
                0x00005b7c                _free_r
 .text._malloc_r
                0x00005c04       0xa8 c:/siliconlabs/simplicitystudio/v3/developer/toolchains/gnu_arm/4.8_2013q4/bin/../lib/gcc/arm-none-eabi/4.8.3/../../../../arm-none-eabi/lib/armv7e-m/softfp\libc_s.a(lib_a-nano-mallocr.o)
                0x00005c04                _malloc_r
 .text._realloc_r
                0x00005cac       0x4c c:/siliconlabs/simplicitystudio/v3/developer/toolchains/gnu_arm/4.8_2013q4/bin/../lib/gcc/arm-none-eabi/4.8.3/../../../../arm-none-eabi/lib/armv7e-m/softfp\libc_s.a(lib_a-nano-reallocr.o)
                0x00005cac                _realloc_r
 .text._sbrk_r  0x00005cf8       0x20 c:/siliconlabs/simplicitystudio/v3/developer/toolchains/gnu_arm/4.8_2013q4/bin/../lib/gcc/arm-none-eabi/4.8.3/../../../../arm-none-eabi/lib/armv7e-m/softfp\libc_s.a(lib_a-sbrkr.o)
                0x00005cf8                _sbrk_r
 .text._malloc_usable_size_r
                0x00005d18       0x12 c:/siliconlabs/simplicitystudio/v3/developer/toolchains/gnu_arm/4.8_2013q4/bin/../lib/gcc/arm-none-eabi/4.8.3/../../../../arm-none-eabi/lib/armv7e-m/softfp\libc_s.a(lib_a-nano-msizer.o)
                0x00005d18                _malloc_usable_size_r
 *fill*         0x00005d2a        0x2 
 .text._sbrk    0x00005d2c       0x34 c:/siliconlabs/simplicitystudio/v3/developer/toolchains/gnu_arm/4.8_2013q4/bin/../lib/gcc/arm-none-eabi/4.8.3/../../../../arm-none-eabi/lib/armv7e-m/softfp\libnosys.a(sbrk.o)
                0x00005d2c                _sbrk
 .text._exit    0x00005d60        0x4 c:/siliconlabs/simplicitystudio/v3/developer/toolchains/gnu_arm/4.8_2013q4/bin/../lib/gcc/arm-none-eabi/4.8.3/../../../../arm-none-eabi/lib/armv7e-m/softfp\libnosys.a(_exit.o)
                0x00005d60                _exit
 *(.init)
 .init          0x00005d64        0x4 c:/siliconlabs/simplicitystudio/v3/developer/toolchains/gnu_arm/4.8_2013q4/bin/../lib/gcc/arm-none-eabi/4.8.3/armv7e-m/softfp/crti.o
                0x00005d64                _init
 .init          0x00005d68        0x8 c:/siliconlabs/simplicitystudio/v3/developer/toolchains/gnu_arm/4.8_2013q4/bin/../lib/gcc/arm-none-eabi/4.8.3/armv7e-m/softfp/crtn.o
 *(.fini)
 .fini          0x00005d70        0x4 c:/siliconlabs/simplicitystudio/v3/developer/toolchains/gnu_arm/4.8_2013q4/bin/../lib/gcc/arm-none-eabi/4.8.3/armv7e-m/softfp/crti.o
                0x00005d70                _fini
 .fini          0x00005d74        0x8 c:/siliconlabs/simplicitystudio/v3/developer/toolchains/gnu_arm/4.8_2013q4/bin/../lib/gcc/arm-none-eabi/4.8.3/armv7e-m/softfp/crtn.o
 *crtbegin.o(.ctors)
 *crtbegin?.o(.ctors)
 *(EXCLUDE_FILE(*crtend.o *crtend?.o) .ctors)
 *(SORT(.ctors.*))
 *(.ctors)
 *crtbegin.o(.dtors)
 *crtbegin?.o(.dtors)
 *(EXCLUDE_FILE(*crtend.o *crtend?.o) .dtors)
 *(SORT(.dtors.*))
 *(.dtors)
 *(.rodata*)
 .rodata        0x00005d7c       0x78 ./src/touchdemo.o
 .rodata.channelsInUse
                0x00005df4       0x10 ./Drivers/caplesense.o
 .rodata        0x00005e04       0x2c ./Drivers/caplesense.o
 .rodata.initACMP.6345
                0x00005e30       0x14 ./Drivers/caplesense.o
 .rodata.initLESENSE.6355
                0x00005e44       0x40 ./Drivers/caplesense.o
 .rodata.initChsSleep.6354
                0x00005e84      0x200 ./Drivers/caplesense.o
 .rodata.initChsSense.6353
                0x00006084      0x200 ./Drivers/caplesense.o
 .rodata.initRTC
                0x00006284        0x4 ./Drivers/rtcdriver.o
 .rodata.EFM_Display
                0x00006288      0x200 ./Drivers/segmentlcd.o
 .rodata.EFM_Alphabet
                0x00006488       0xb8 ./Drivers/segmentlcd.o
 .rodata.EFM_Numbers
                0x00006540       0x24 ./Drivers/segmentlcd.o
 .rodata.lcdInit
                0x00006564       0x14 ./Drivers/segmentlcd.o
 .rodata        0x00006578       0x1c ./Drivers/vddcheck.o
 .rodata.str1.1
                0x00006594        0x2 c:/siliconlabs/simplicitystudio/v3/developer/toolchains/gnu_arm/4.8_2013q4/bin/../lib/gcc/arm-none-eabi/4.8.3/../../../../arm-none-eabi/lib/armv7e-m/softfp\libc_s.a(lib_a-impure.o)
 *fill*         0x00006596        0x2 
 .rodata._global_impure_ptr
                0x00006598        0x4 c:/siliconlabs/simplicitystudio/v3/developer/toolchains/gnu_arm/4.8_2013q4/bin/../lib/gcc/arm-none-eabi/4.8.3/../../../../arm-none-eabi/lib/armv7e-m/softfp\libc_s.a(lib_a-impure.o)
                0x00006598                _global_impure_ptr
 .rodata.str1.1
                0x0000659c       0x11 c:/siliconlabs/simplicitystudio/v3/developer/toolchains/gnu_arm/4.8_2013q4/bin/../lib/gcc/arm-none-eabi/4.8.3/../../../../arm-none-eabi/lib/armv7e-m/softfp\libc_s.a(lib_a-svfprintf.o)
 .rodata.str1.1
                0x000065ad       0x22 c:/siliconlabs/simplicitystudio/v3/developer/toolchains/gnu_arm/4.8_2013q4/bin/../lib/gcc/arm-none-eabi/4.8.3/../../../../arm-none-eabi/lib/armv7e-m/softfp\libc_s.a(lib_a-vfprintf_i.o)
 *fill*         0x000065cf        0x1 
 .rodata.__sf_fake_stdin
                0x000065d0       0x20 c:/siliconlabs/simplicitystudio/v3/developer/toolchains/gnu_arm/4.8_2013q4/bin/../lib/gcc/arm-none-eabi/4.8.3/../../../../arm-none-eabi/lib/armv7e-m/softfp\libc_s.a(lib_a-findfp.o)
                0x000065d0                __sf_fake_stdin
 .rodata.__sf_fake_stdout
                0x000065f0       0x20 c:/siliconlabs/simplicitystudio/v3/developer/toolchains/gnu_arm/4.8_2013q4/bin/../lib/gcc/arm-none-eabi/4.8.3/../../../../arm-none-eabi/lib/armv7e-m/softfp\libc_s.a(lib_a-findfp.o)
                0x000065f0                __sf_fake_stdout
 .rodata.__sf_fake_stderr
                0x00006610       0x20 c:/siliconlabs/simplicitystudio/v3/developer/toolchains/gnu_arm/4.8_2013q4/bin/../lib/gcc/arm-none-eabi/4.8.3/../../../../arm-none-eabi/lib/armv7e-m/softfp\libc_s.a(lib_a-findfp.o)
                0x00006610                __sf_fake_stderr
 *(.eh_frame*)
 .eh_frame      0x00006630        0x0 c:/siliconlabs/simplicitystudio/v3/developer/toolchains/gnu_arm/4.8_2013q4/bin/../lib/gcc/arm-none-eabi/4.8.3/armv7e-m/softfp/crtbegin.o
 .eh_frame      0x00006630        0x4 c:/siliconlabs/simplicitystudio/v3/developer/toolchains/gnu_arm/4.8_2013q4/bin/../lib/gcc/arm-none-eabi/4.8.3/armv7e-m/softfp/crtend.o

.glue_7         0x00006634        0x0
 .glue_7        0x00000000        0x0 linker stubs

.glue_7t        0x00006634        0x0
 .glue_7t       0x00000000        0x0 linker stubs

.vfp11_veneer   0x00006634        0x0
 .vfp11_veneer  0x00000000        0x0 linker stubs

.v4_bx          0x00006634        0x0
 .v4_bx         0x00000000        0x0 linker stubs

.iplt           0x00006634        0x0
 .iplt          0x00000000        0x0 c:/siliconlabs/simplicitystudio/v3/developer/toolchains/gnu_arm/4.8_2013q4/bin/../lib/gcc/arm-none-eabi/4.8.3/armv7e-m/softfp/crtbegin.o

.ARM.extab
 *(.ARM.extab* .gnu.linkonce.armextab.*)
                0x00006634                __exidx_start = .

.ARM.exidx      0x00006634        0x8
 *(.ARM.exidx* .gnu.linkonce.armexidx.*)
 .ARM.exidx     0x00006634        0x8 c:/siliconlabs/simplicitystudio/v3/developer/toolchains/gnu_arm/4.8_2013q4/bin/../lib/gcc/arm-none-eabi/4.8.3/../../../../arm-none-eabi/lib/armv7e-m/softfp/crt0.o
 .ARM.exidx     0x0000663c        0x0 c:/siliconlabs/simplicitystudio/v3/developer/toolchains/gnu_arm/4.8_2013q4/bin/../lib/gcc/arm-none-eabi/4.8.3/armv7e-m/softfp\libgcc.a(_divdi3.o)
                                  0x8 (size before relaxing)
 .ARM.exidx     0x0000663c        0x0 c:/siliconlabs/simplicitystudio/v3/developer/toolchains/gnu_arm/4.8_2013q4/bin/../lib/gcc/arm-none-eabi/4.8.3/armv7e-m/softfp\libgcc.a(_udivdi3.o)
                                  0x8 (size before relaxing)
                0x0000663c                __exidx_end = .
                0x0000663c                __etext = .

.rel.dyn        0x0000663c        0x0
 .rel.iplt      0x00000000        0x0 c:/siliconlabs/simplicitystudio/v3/developer/toolchains/gnu_arm/4.8_2013q4/bin/../lib/gcc/arm-none-eabi/4.8.3/armv7e-m/softfp/crtbegin.o

.data           0x20000000       0xc8 load address 0x0000663c
                0x20000000                __data_start__ = .
 *(vtable)
 *(.data*)
 .data.demoState
                0x20000000        0x1 ./src/touchdemo.o
 *fill*         0x20000001        0x3 
 .data.message  0x20000004        0x4 ./src/touchdemo.o
                0x20000004                message
 .data.oldSliderPos.7529
                0x20000008        0x4 ./src/touchdemo.o
 .data.channelMaxValues
                0x2000000c       0x40 ./Drivers/caplesense.o
 .data.init.6351
                0x2000004c        0x1 ./Drivers/caplesense.o
 *fill*         0x2000004d        0x3 
 .data.SystemHFXOClock
                0x20000050        0x4 ./CMSIS/efm32wg/system_efm32wg.o
 .data.SystemLFXOClock
                0x20000054        0x4 ./CMSIS/efm32wg/system_efm32wg.o
 .data.impure_data
                0x20000058       0x60 c:/siliconlabs/simplicitystudio/v3/developer/toolchains/gnu_arm/4.8_2013q4/bin/../lib/gcc/arm-none-eabi/4.8.3/../../../../arm-none-eabi/lib/armv7e-m/softfp\libc_s.a(lib_a-impure.o)
 .data._impure_ptr
                0x200000b8        0x4 c:/siliconlabs/simplicitystudio/v3/developer/toolchains/gnu_arm/4.8_2013q4/bin/../lib/gcc/arm-none-eabi/4.8.3/../../../../arm-none-eabi/lib/armv7e-m/softfp\libc_s.a(lib_a-impure.o)
                0x200000b8                _impure_ptr
                0x200000bc                . = ALIGN (0x4)
 *(.ram)
                0x200000bc                . = ALIGN (0x4)
                0x200000bc                PROVIDE (__preinit_array_start, .)
 *(.preinit_array)
                0x200000bc                PROVIDE (__preinit_array_end, .)
                0x200000bc                . = ALIGN (0x4)
                0x200000bc                PROVIDE (__init_array_start, .)
 *(SORT(.init_array.*))
 *(.init_array)
 .init_array    0x200000bc        0x4 c:/siliconlabs/simplicitystudio/v3/developer/toolchains/gnu_arm/4.8_2013q4/bin/../lib/gcc/arm-none-eabi/4.8.3/armv7e-m/softfp/crtbegin.o
                0x200000c0                PROVIDE (__init_array_end, .)
                0x200000c0                . = ALIGN (0x4)
                0x200000c0                PROVIDE (__fini_array_start, .)
 *(SORT(.fini_array.*))
 *(.fini_array)
 .fini_array    0x200000c0        0x4 c:/siliconlabs/simplicitystudio/v3/developer/toolchains/gnu_arm/4.8_2013q4/bin/../lib/gcc/arm-none-eabi/4.8.3/armv7e-m/softfp/crtbegin.o
                0x200000c4                PROVIDE (__fini_array_end, .)
 *(.jcr*)
 .jcr           0x200000c4        0x0 c:/siliconlabs/simplicitystudio/v3/developer/toolchains/gnu_arm/4.8_2013q4/bin/../lib/gcc/arm-none-eabi/4.8.3/armv7e-m/softfp/crtbegin.o
 .jcr           0x200000c4        0x4 c:/siliconlabs/simplicitystudio/v3/developer/toolchains/gnu_arm/4.8_2013q4/bin/../lib/gcc/arm-none-eabi/4.8.3/armv7e-m/softfp/crtend.o
                0x200000c8                . = ALIGN (0x4)
                0x200000c8                __data_end__ = .

.igot.plt       0x200000c8        0x0 load address 0x00006704
 .igot.plt      0x00000000        0x0 c:/siliconlabs/simplicitystudio/v3/developer/toolchains/gnu_arm/4.8_2013q4/bin/../lib/gcc/arm-none-eabi/4.8.3/armv7e-m/softfp/crtbegin.o

.bss            0x200000c8      0x10c load address 0x00006708
                0x200000c8                . = ALIGN (0x4)
                0x200000c8                __bss_start__ = .
 *(.bss*)
 .bss           0x200000c8       0x1c c:/siliconlabs/simplicitystudio/v3/developer/toolchains/gnu_arm/4.8_2013q4/bin/../lib/gcc/arm-none-eabi/4.8.3/armv7e-m/softfp/crtbegin.o
 .bss.vboost    0x200000e4        0x1 ./src/touchdemo.o
                0x200000e4                vboost
 *fill*         0x200000e5        0x3 
 .bss.string    0x200000e8       0x20 ./src/touchdemo.o
 .bss.cmuStatus
                0x20000108        0x4 ./emlib/em_emu.o
 .bss.INT_LockCnt
                0x2000010c        0x4 ./emlib/em_int.o
                0x2000010c                INT_LockCnt
 .bss.channelValues
                0x20000110       0x40 ./Drivers/caplesense.o
 .bss.lesenseScanCb
                0x20000150        0x4 ./Drivers/caplesense.o
 .bss.lesenseChCb
                0x20000154        0x4 ./Drivers/caplesense.o
 .bss.currentChannel
                0x20000158        0x1 ./Drivers/caplesense.o
 *fill*         0x20000159        0x3 
 .bss.capsenseCalibrateVals.6352
                0x2000015c        0x8 ./Drivers/caplesense.o
 .bss.rxReadIndex
                0x20000164        0x4 ./Drivers/retargetserial.o
 .bss.rxWriteIndex
                0x20000168        0x4 ./Drivers/retargetserial.o
 .bss.rxCount   0x2000016c        0x4 ./Drivers/retargetserial.o
 .bss.rxBuffer  0x20000170        0x8 ./Drivers/retargetserial.o
 .bss.timer     0x20000178       0x28 ./Drivers/rtcdriver.o
 .bss.lastStart
                0x200001a0        0x4 ./Drivers/rtcdriver.o
 .bss.startTimerNestingLevel
                0x200001a4        0x4 ./Drivers/rtcdriver.o
 .bss.inTimerIRQ
                0x200001a8        0x1 ./Drivers/rtcdriver.o
 .bss.rtcRunning
                0x200001a9        0x1 ./Drivers/rtcdriver.o
 .bss.rtcdrvIsInitialized
                0x200001aa        0x1 ./Drivers/rtcdriver.o
 *fill*         0x200001ab        0x1 
 .bss.__malloc_sbrk_start
                0x200001ac        0x4 c:/siliconlabs/simplicitystudio/v3/developer/toolchains/gnu_arm/4.8_2013q4/bin/../lib/gcc/arm-none-eabi/4.8.3/../../../../arm-none-eabi/lib/armv7e-m/softfp\libc_s.a(lib_a-nano-mallocr.o)
                0x200001ac                __malloc_sbrk_start
 .bss.__malloc_free_list
                0x200001b0        0x4 c:/siliconlabs/simplicitystudio/v3/developer/toolchains/gnu_arm/4.8_2013q4/bin/../lib/gcc/arm-none-eabi/4.8.3/../../../../arm-none-eabi/lib/armv7e-m/softfp\libc_s.a(lib_a-nano-mallocr.o)
                0x200001b0                __malloc_free_list
 .bss.heap_end.4237
                0x200001b4        0x4 c:/siliconlabs/simplicitystudio/v3/developer/toolchains/gnu_arm/4.8_2013q4/bin/../lib/gcc/arm-none-eabi/4.8.3/../../../../arm-none-eabi/lib/armv7e-m/softfp\libnosys.a(sbrk.o)
 *(COMMON)
 COMMON         0x200001b8       0x14 ./src/touchdemo.o
                0x200001b8                subMode
                0x200001bc                xTimerForSleep
                0x200001c0                demoMode
                0x200001c4                msTicks
                0x200001c8                subModes
 COMMON         0x200001cc        0x4 ./CMSIS/efm32wg/system_efm32wg.o
                0x200001cc                SystemCoreClock
 COMMON         0x200001d0        0x4 c:/siliconlabs/simplicitystudio/v3/developer/toolchains/gnu_arm/4.8_2013q4/bin/../lib/gcc/arm-none-eabi/4.8.3/../../../../arm-none-eabi/lib/armv7e-m/softfp\libc_s.a(lib_a-reent.o)
                0x200001d0                errno
                0x200001d4                . = ALIGN (0x4)
                0x200001d4                __bss_end__ = .

.heap           0x200001d8      0xc00
                0x200001d8                __HeapBase = .
                0x200001d8                __end__ = .
                0x200001d8                end = __end__
                0x200001d8                _end = __end__
 *(.heap*)
 .heap          0x200001d8      0xc00 ./CMSIS/efm32wg/startup_efm32wg.o
                0x20000dd8                __HeapLimit = .

.stack_dummy    0x200001d8      0x400
 *(.stack*)
 .stack         0x200001d8      0x400 ./CMSIS/efm32wg/startup_efm32wg.o
                0x20008000                __StackTop = (ORIGIN (RAM) + 0x8000)
                0x20007c00                __StackLimit = (__StackTop - SIZEOF (.stack_dummy))
                0x20008000                PROVIDE (__stack, __StackTop)
                0x00000001                ASSERT ((__StackLimit >= __HeapLimit), region RAM overflowed with stack)
                0x00000001                ASSERT ((0x40000 >= (__etext + SIZEOF (.data))), FLASH memory overflowed !)
OUTPUT(STK3800_touch.axf elf32-littlearm)

.ARM.attributes
                0x00000000       0x2e
 .ARM.attributes
                0x00000000       0x22 c:/siliconlabs/simplicitystudio/v3/developer/toolchains/gnu_arm/4.8_2013q4/bin/../lib/gcc/arm-none-eabi/4.8.3/armv7e-m/softfp/crti.o
 .ARM.attributes
                0x00000022       0x32 c:/siliconlabs/simplicitystudio/v3/developer/toolchains/gnu_arm/4.8_2013q4/bin/../lib/gcc/arm-none-eabi/4.8.3/armv7e-m/softfp/crtbegin.o
 .ARM.attributes
                0x00000054       0x20 c:/siliconlabs/simplicitystudio/v3/developer/toolchains/gnu_arm/4.8_2013q4/bin/../lib/gcc/arm-none-eabi/4.8.3/../../../../arm-none-eabi/lib/armv7e-m/softfp/crt0.o
 .ARM.attributes
                0x00000074       0x37 ./src/touchdemo.o
 .ARM.attributes
                0x000000ab       0x37 ./emlib/em_acmp.o
 .ARM.attributes
                0x000000e2       0x37 ./emlib/em_cmu.o
 .ARM.attributes
                0x00000119       0x37 ./emlib/em_emu.o
 .ARM.attributes
                0x00000150       0x37 ./emlib/em_gpio.o
 .ARM.attributes
                0x00000187       0x37 ./emlib/em_int.o
 .ARM.attributes
                0x000001be       0x37 ./emlib/em_lcd.o
 .ARM.attributes
                0x000001f5       0x37 ./emlib/em_lesense.o
 .ARM.attributes
                0x0000022c       0x37 ./emlib/em_rtc.o
 .ARM.attributes
                0x00000263       0x37 ./emlib/em_vcmp.o
 .ARM.attributes
                0x0000029a       0x37 ./Drivers/caplesense.o
 .ARM.attributes
                0x000002d1       0x37 ./Drivers/em_usart.o
 .ARM.attributes
                0x00000308       0x37 ./Drivers/retargetserial.o
 .ARM.attributes
                0x0000033f       0x37 ./Drivers/rtcdriver.o
 .ARM.attributes
                0x00000376       0x37 ./Drivers/segmentlcd.o
 .ARM.attributes
                0x000003ad       0x37 ./Drivers/vddcheck.o
 .ARM.attributes
                0x000003e4       0x1b ./CMSIS/efm32wg/startup_efm32wg.o
 .ARM.attributes
                0x000003ff       0x37 ./CMSIS/efm32wg/system_efm32wg.o
 .ARM.attributes
                0x00000436       0x37 ./BSP/bsp_trace.o
 .ARM.attributes
                0x0000046d       0x22 c:/siliconlabs/simplicitystudio/v3/developer/toolchains/gnu_arm/4.8_2013q4/bin/../lib/gcc/arm-none-eabi/4.8.3/armv7e-m/softfp\libgcc.a(_aeabi_uldivmod.o)
 .ARM.attributes
                0x0000048f       0x32 c:/siliconlabs/simplicitystudio/v3/developer/toolchains/gnu_arm/4.8_2013q4/bin/../lib/gcc/arm-none-eabi/4.8.3/armv7e-m/softfp\libgcc.a(bpabi.o)
 .ARM.attributes
                0x000004c1       0x22 c:/siliconlabs/simplicitystudio/v3/developer/toolchains/gnu_arm/4.8_2013q4/bin/../lib/gcc/arm-none-eabi/4.8.3/armv7e-m/softfp\libgcc.a(_dvmd_tls.o)
 .ARM.attributes
                0x000004e3       0x32 c:/siliconlabs/simplicitystudio/v3/developer/toolchains/gnu_arm/4.8_2013q4/bin/../lib/gcc/arm-none-eabi/4.8.3/armv7e-m/softfp\libgcc.a(_divdi3.o)
 .ARM.attributes
                0x00000515       0x32 c:/siliconlabs/simplicitystudio/v3/developer/toolchains/gnu_arm/4.8_2013q4/bin/../lib/gcc/arm-none-eabi/4.8.3/armv7e-m/softfp\libgcc.a(_udivdi3.o)
 .ARM.attributes
                0x00000547       0x32 c:/siliconlabs/simplicitystudio/v3/developer/toolchains/gnu_arm/4.8_2013q4/bin/../lib/gcc/arm-none-eabi/4.8.3/../../../../arm-none-eabi/lib/armv7e-m/softfp\libc_s.a(lib_a-abs.o)
 .ARM.attributes
                0x00000579       0x32 c:/siliconlabs/simplicitystudio/v3/developer/toolchains/gnu_arm/4.8_2013q4/bin/../lib/gcc/arm-none-eabi/4.8.3/../../../../arm-none-eabi/lib/armv7e-m/softfp\libc_s.a(lib_a-exit.o)
 .ARM.attributes
                0x000005ab       0x32 c:/siliconlabs/simplicitystudio/v3/developer/toolchains/gnu_arm/4.8_2013q4/bin/../lib/gcc/arm-none-eabi/4.8.3/../../../../arm-none-eabi/lib/armv7e-m/softfp\libc_s.a(lib_a-impure.o)
 .ARM.attributes
                0x000005dd       0x32 c:/siliconlabs/simplicitystudio/v3/developer/toolchains/gnu_arm/4.8_2013q4/bin/../lib/gcc/arm-none-eabi/4.8.3/../../../../arm-none-eabi/lib/armv7e-m/softfp\libc_s.a(lib_a-init.o)
 .ARM.attributes
                0x0000060f       0x32 c:/siliconlabs/simplicitystudio/v3/developer/toolchains/gnu_arm/4.8_2013q4/bin/../lib/gcc/arm-none-eabi/4.8.3/../../../../arm-none-eabi/lib/armv7e-m/softfp\libc_s.a(lib_a-memset.o)
 .ARM.attributes
                0x00000641       0x32 c:/siliconlabs/simplicitystudio/v3/developer/toolchains/gnu_arm/4.8_2013q4/bin/../lib/gcc/arm-none-eabi/4.8.3/../../../../arm-none-eabi/lib/armv7e-m/softfp\libc_s.a(lib_a-snprintf.o)
 .ARM.attributes
                0x00000673       0x32 c:/siliconlabs/simplicitystudio/v3/developer/toolchains/gnu_arm/4.8_2013q4/bin/../lib/gcc/arm-none-eabi/4.8.3/../../../../arm-none-eabi/lib/armv7e-m/softfp\libc_s.a(lib_a-sprintf.o)
 .ARM.attributes
                0x000006a5       0x32 c:/siliconlabs/simplicitystudio/v3/developer/toolchains/gnu_arm/4.8_2013q4/bin/../lib/gcc/arm-none-eabi/4.8.3/../../../../arm-none-eabi/lib/armv7e-m/softfp\libc_s.a(lib_a-strlen.o)
 .ARM.attributes
                0x000006d7       0x32 c:/siliconlabs/simplicitystudio/v3/developer/toolchains/gnu_arm/4.8_2013q4/bin/../lib/gcc/arm-none-eabi/4.8.3/../../../../arm-none-eabi/lib/armv7e-m/softfp\libc_s.a(lib_a-svfprintf.o)
 .ARM.attributes
                0x00000709       0x32 c:/siliconlabs/simplicitystudio/v3/developer/toolchains/gnu_arm/4.8_2013q4/bin/../lib/gcc/arm-none-eabi/4.8.3/../../../../arm-none-eabi/lib/armv7e-m/softfp\libc_s.a(lib_a-vfprintf_i.o)
 .ARM.attributes
                0x0000073b       0x32 c:/siliconlabs/simplicitystudio/v3/developer/toolchains/gnu_arm/4.8_2013q4/bin/../lib/gcc/arm-none-eabi/4.8.3/../../../../arm-none-eabi/lib/armv7e-m/softfp\libc_s.a(lib_a-findfp.o)
 .ARM.attributes
                0x0000076d       0x32 c:/siliconlabs/simplicitystudio/v3/developer/toolchains/gnu_arm/4.8_2013q4/bin/../lib/gcc/arm-none-eabi/4.8.3/../../../../arm-none-eabi/lib/armv7e-m/softfp\libc_s.a(lib_a-memchr-stub.o)
 .ARM.attributes
                0x0000079f       0x32 c:/siliconlabs/simplicitystudio/v3/developer/toolchains/gnu_arm/4.8_2013q4/bin/../lib/gcc/arm-none-eabi/4.8.3/../../../../arm-none-eabi/lib/armv7e-m/softfp\libc_s.a(lib_a-memcpy-stub.o)
 .ARM.attributes
                0x000007d1       0x32 c:/siliconlabs/simplicitystudio/v3/developer/toolchains/gnu_arm/4.8_2013q4/bin/../lib/gcc/arm-none-eabi/4.8.3/../../../../arm-none-eabi/lib/armv7e-m/softfp\libc_s.a(lib_a-memmove.o)
 .ARM.attributes
                0x00000803       0x32 c:/siliconlabs/simplicitystudio/v3/developer/toolchains/gnu_arm/4.8_2013q4/bin/../lib/gcc/arm-none-eabi/4.8.3/../../../../arm-none-eabi/lib/armv7e-m/softfp\libc_s.a(lib_a-nano-freer.o)
 .ARM.attributes
                0x00000835       0x32 c:/siliconlabs/simplicitystudio/v3/developer/toolchains/gnu_arm/4.8_2013q4/bin/../lib/gcc/arm-none-eabi/4.8.3/../../../../arm-none-eabi/lib/armv7e-m/softfp\libc_s.a(lib_a-nano-mallocr.o)
 .ARM.attributes
                0x00000867       0x32 c:/siliconlabs/simplicitystudio/v3/developer/toolchains/gnu_arm/4.8_2013q4/bin/../lib/gcc/arm-none-eabi/4.8.3/../../../../arm-none-eabi/lib/armv7e-m/softfp\libc_s.a(lib_a-nano-reallocr.o)
 .ARM.attributes
                0x00000899       0x32 c:/siliconlabs/simplicitystudio/v3/developer/toolchains/gnu_arm/4.8_2013q4/bin/../lib/gcc/arm-none-eabi/4.8.3/../../../../arm-none-eabi/lib/armv7e-m/softfp\libc_s.a(lib_a-sbrkr.o)
 .ARM.attributes
                0x000008cb       0x32 c:/siliconlabs/simplicitystudio/v3/developer/toolchains/gnu_arm/4.8_2013q4/bin/../lib/gcc/arm-none-eabi/4.8.3/../../../../arm-none-eabi/lib/armv7e-m/softfp\libc_s.a(lib_a-nano-msizer.o)
 .ARM.attributes
                0x000008fd       0x32 c:/siliconlabs/simplicitystudio/v3/developer/toolchains/gnu_arm/4.8_2013q4/bin/../lib/gcc/arm-none-eabi/4.8.3/../../../../arm-none-eabi/lib/armv7e-m/softfp\libc_s.a(lib_a-reent.o)
 .ARM.attributes
                0x0000092f       0x32 c:/siliconlabs/simplicitystudio/v3/developer/toolchains/gnu_arm/4.8_2013q4/bin/../lib/gcc/arm-none-eabi/4.8.3/../../../../arm-none-eabi/lib/armv7e-m/softfp\libnosys.a(sbrk.o)
 .ARM.attributes
                0x00000961       0x32 c:/siliconlabs/simplicitystudio/v3/developer/toolchains/gnu_arm/4.8_2013q4/bin/../lib/gcc/arm-none-eabi/4.8.3/../../../../arm-none-eabi/lib/armv7e-m/softfp\libnosys.a(_exit.o)
 .ARM.attributes
                0x00000993       0x32 c:/siliconlabs/simplicitystudio/v3/developer/toolchains/gnu_arm/4.8_2013q4/bin/../lib/gcc/arm-none-eabi/4.8.3/armv7e-m/softfp/crtend.o
 .ARM.attributes
                0x000009c5       0x22 c:/siliconlabs/simplicitystudio/v3/developer/toolchains/gnu_arm/4.8_2013q4/bin/../lib/gcc/arm-none-eabi/4.8.3/armv7e-m/softfp/crtn.o

.comment        0x00000000       0x70
 .comment       0x00000000       0x70 ./src/touchdemo.o
                                 0x71 (size before relaxing)
 .comment       0x00000000       0x71 ./emlib/em_acmp.o
 .comment       0x00000000       0x71 ./emlib/em_cmu.o
 .comment       0x00000000       0x71 ./emlib/em_emu.o
 .comment       0x00000000       0x71 ./emlib/em_gpio.o
 .comment       0x00000000       0x71 ./emlib/em_int.o
 .comment       0x00000000       0x71 ./emlib/em_lcd.o
 .comment       0x00000000       0x71 ./emlib/em_lesense.o
 .comment       0x00000000       0x71 ./emlib/em_rtc.o
 .comment       0x00000000       0x71 ./emlib/em_vcmp.o
 .comment       0x00000000       0x71 ./Drivers/caplesense.o
 .comment       0x00000000       0x71 ./Drivers/em_usart.o
 .comment       0x00000000       0x71 ./Drivers/retargetserial.o
 .comment       0x00000000       0x71 ./Drivers/rtcdriver.o
 .comment       0x00000000       0x71 ./Drivers/segmentlcd.o
 .comment       0x00000000       0x71 ./Drivers/vddcheck.o
 .comment       0x00000000       0x71 ./CMSIS/efm32wg/system_efm32wg.o
 .comment       0x00000000       0x71 ./BSP/bsp_trace.o

.debug_info     0x00000000     0xd336
 .debug_info    0x00000000     0x122e ./src/touchdemo.o
 .debug_info    0x0000122e      0x626 ./emlib/em_acmp.o
 .debug_info    0x00001854     0x1075 ./emlib/em_cmu.o
 .debug_info    0x000028c9      0xd7c ./emlib/em_emu.o
 .debug_info    0x00003645      0x644 ./emlib/em_gpio.o
 .debug_info    0x00003c89       0xa2 ./emlib/em_int.o
 .debug_info    0x00003d2b      0xa28 ./emlib/em_lcd.o
 .debug_info    0x00004753     0x13fb ./emlib/em_lesense.o
 .debug_info    0x00005b4e      0x329 ./emlib/em_rtc.o
 .debug_info    0x00005e77      0x2ed ./emlib/em_vcmp.o
 .debug_info    0x00006164     0x172f ./Drivers/caplesense.o
 .debug_info    0x00007893      0xece ./Drivers/em_usart.o
 .debug_info    0x00008761     0x1433 ./Drivers/retargetserial.o
 .debug_info    0x00009b94      0xd38 ./Drivers/rtcdriver.o
 .debug_info    0x0000a8cc     0x11aa ./Drivers/segmentlcd.o
 .debug_info    0x0000ba76      0x461 ./Drivers/vddcheck.o
 .debug_info    0x0000bed7       0xf9 ./CMSIS/efm32wg/startup_efm32wg.o
 .debug_info    0x0000bfd0      0x702 ./CMSIS/efm32wg/system_efm32wg.o
 .debug_info    0x0000c6d2      0xc64 ./BSP/bsp_trace.o

.debug_abbrev   0x00000000     0x22a7
 .debug_abbrev  0x00000000      0x2ef ./src/touchdemo.o
 .debug_abbrev  0x000002ef      0x1b9 ./emlib/em_acmp.o
 .debug_abbrev  0x000004a8      0x2c2 ./emlib/em_cmu.o
 .debug_abbrev  0x0000076a      0x252 ./emlib/em_emu.o
 .debug_abbrev  0x000009bc      0x1cd ./emlib/em_gpio.o
 .debug_abbrev  0x00000b89       0x5a ./emlib/em_int.o
 .debug_abbrev  0x00000be3      0x1c0 ./emlib/em_lcd.o
 .debug_abbrev  0x00000da3      0x22e ./emlib/em_lesense.o
 .debug_abbrev  0x00000fd1      0x196 ./emlib/em_rtc.o
 .debug_abbrev  0x00001167      0x113 ./emlib/em_vcmp.o
 .debug_abbrev  0x0000127a      0x2dc ./Drivers/caplesense.o
 .debug_abbrev  0x00001556      0x1d0 ./Drivers/em_usart.o
 .debug_abbrev  0x00001726      0x2bc ./Drivers/retargetserial.o
 .debug_abbrev  0x000019e2      0x2cb ./Drivers/rtcdriver.o
 .debug_abbrev  0x00001cad      0x197 ./Drivers/segmentlcd.o
 .debug_abbrev  0x00001e44      0x131 ./Drivers/vddcheck.o
 .debug_abbrev  0x00001f75       0x14 ./CMSIS/efm32wg/startup_efm32wg.o
 .debug_abbrev  0x00001f89      0x1a3 ./CMSIS/efm32wg/system_efm32wg.o
 .debug_abbrev  0x0000212c      0x17b ./BSP/bsp_trace.o

.debug_loc      0x00000000     0x3860
 .debug_loc     0x00000000      0x488 ./src/touchdemo.o
 .debug_loc     0x00000488      0x230 ./emlib/em_acmp.o
 .debug_loc     0x000006b8      0x7c4 ./emlib/em_cmu.o
 .debug_loc     0x00000e7c      0x3b4 ./emlib/em_emu.o
 .debug_loc     0x00001230      0x268 ./emlib/em_gpio.o
 .debug_loc     0x00001498      0x3b8 ./emlib/em_lcd.o
 .debug_loc     0x00001850      0x494 ./emlib/em_lesense.o
 .debug_loc     0x00001ce4      0x1a8 ./emlib/em_rtc.o
 .debug_loc     0x00001e8c      0x10c ./emlib/em_vcmp.o
 .debug_loc     0x00001f98      0x4aa ./Drivers/caplesense.o
 .debug_loc     0x00002442      0x49a ./Drivers/em_usart.o
 .debug_loc     0x000028dc      0x250 ./Drivers/retargetserial.o
 .debug_loc     0x00002b2c      0x508 ./Drivers/rtcdriver.o
 .debug_loc     0x00003034      0x45c ./Drivers/segmentlcd.o
 .debug_loc     0x00003490      0x14c ./Drivers/vddcheck.o
 .debug_loc     0x000035dc      0x214 ./CMSIS/efm32wg/system_efm32wg.o
 .debug_loc     0x000037f0       0x70 ./BSP/bsp_trace.o

.debug_aranges  0x00000000      0xa40
 .debug_aranges
                0x00000000       0xc8 ./src/touchdemo.o
 .debug_aranges
                0x000000c8       0x68 ./emlib/em_acmp.o
 .debug_aranges
                0x00000130      0x140 ./emlib/em_cmu.o
 .debug_aranges
                0x00000270       0xa8 ./emlib/em_emu.o
 .debug_aranges
                0x00000318       0x70 ./emlib/em_gpio.o
 .debug_aranges
                0x00000388       0x18 ./emlib/em_int.o
 .debug_aranges
                0x000003a0       0xa0 ./emlib/em_lcd.o
 .debug_aranges
                0x00000440       0xc8 ./emlib/em_lesense.o
 .debug_aranges
                0x00000508       0x58 ./emlib/em_rtc.o
 .debug_aranges
                0x00000560       0x40 ./emlib/em_vcmp.o
 .debug_aranges
                0x000005a0       0xd0 ./Drivers/caplesense.o
 .debug_aranges
                0x00000670       0xc0 ./Drivers/em_usart.o
 .debug_aranges
                0x00000730       0x70 ./Drivers/retargetserial.o
 .debug_aranges
                0x000007a0       0xd8 ./Drivers/rtcdriver.o
 .debug_aranges
                0x00000878       0xc0 ./Drivers/segmentlcd.o
 .debug_aranges
                0x00000938       0x50 ./Drivers/vddcheck.o
 .debug_aranges
                0x00000988       0x20 ./CMSIS/efm32wg/startup_efm32wg.o
 .debug_aranges
                0x000009a8       0x70 ./CMSIS/efm32wg/system_efm32wg.o
 .debug_aranges
                0x00000a18       0x28 ./BSP/bsp_trace.o

.debug_ranges   0x00000000      0x8f8
 .debug_ranges  0x00000000       0xb8 ./src/touchdemo.o
 .debug_ranges  0x000000b8       0x58 ./emlib/em_acmp.o
 .debug_ranges  0x00000110      0x130 ./emlib/em_cmu.o
 .debug_ranges  0x00000240       0x98 ./emlib/em_emu.o
 .debug_ranges  0x000002d8       0x60 ./emlib/em_gpio.o
 .debug_ranges  0x00000338       0x90 ./emlib/em_lcd.o
 .debug_ranges  0x000003c8       0xb8 ./emlib/em_lesense.o
 .debug_ranges  0x00000480       0x48 ./emlib/em_rtc.o
 .debug_ranges  0x000004c8       0x30 ./emlib/em_vcmp.o
 .debug_ranges  0x000004f8       0xc0 ./Drivers/caplesense.o
 .debug_ranges  0x000005b8       0xb0 ./Drivers/em_usart.o
 .debug_ranges  0x00000668       0x60 ./Drivers/retargetserial.o
 .debug_ranges  0x000006c8       0xc8 ./Drivers/rtcdriver.o
 .debug_ranges  0x00000790       0xb0 ./Drivers/segmentlcd.o
 .debug_ranges  0x00000840       0x40 ./Drivers/vddcheck.o
 .debug_ranges  0x00000880       0x60 ./CMSIS/efm32wg/system_efm32wg.o
 .debug_ranges  0x000008e0       0x18 ./BSP/bsp_trace.o

.debug_line     0x00000000     0x4e20
 .debug_line    0x00000000      0x574 ./src/touchdemo.o
 .debug_line    0x00000574      0x36a ./emlib/em_acmp.o
 .debug_line    0x000008de      0x8b6 ./emlib/em_cmu.o
 .debug_line    0x00001194      0x4a0 ./emlib/em_emu.o
 .debug_line    0x00001634      0x384 ./emlib/em_gpio.o
 .debug_line    0x000019b8      0x132 ./emlib/em_int.o
 .debug_line    0x00001aea      0x43d ./emlib/em_lcd.o
 .debug_line    0x00001f27      0x607 ./emlib/em_lesense.o
 .debug_line    0x0000252e      0x2cb ./emlib/em_rtc.o
 .debug_line    0x000027f9      0x2a6 ./emlib/em_vcmp.o
 .debug_line    0x00002a9f      0x553 ./Drivers/caplesense.o
 .debug_line    0x00002ff2      0x55a ./Drivers/em_usart.o
 .debug_line    0x0000354c      0x47b ./Drivers/retargetserial.o
 .debug_line    0x000039c7      0x61e ./Drivers/rtcdriver.o
 .debug_line    0x00003fe5      0x5b0 ./Drivers/segmentlcd.o
 .debug_line    0x00004595      0x2a9 ./Drivers/vddcheck.o
 .debug_line    0x0000483e       0xbe ./CMSIS/efm32wg/startup_efm32wg.o
 .debug_line    0x000048fc      0x2c5 ./CMSIS/efm32wg/system_efm32wg.o
 .debug_line    0x00004bc1      0x25f ./BSP/bsp_trace.o

.debug_str      0x00000000     0x5715
 .debug_str     0x00000000     0x121e ./src/touchdemo.o
                               0x1297 (size before relaxing)
 .debug_str     0x0000121e      0x479 ./emlib/em_acmp.o
                                0x658 (size before relaxing)
 .debug_str     0x00001697      0x7a7 ./emlib/em_cmu.o
                                0xc4e (size before relaxing)
 .debug_str     0x00001e3e      0x4eb ./emlib/em_emu.o
                                0x843 (size before relaxing)
 .debug_str     0x00002329      0x188 ./emlib/em_gpio.o
                                0x5fb (size before relaxing)
 .debug_str     0x000024b1       0x5a ./emlib/em_int.o
                                0x1fb (size before relaxing)
 .debug_str     0x0000250b      0x6d3 ./emlib/em_lcd.o
                                0x8f4 (size before relaxing)
 .debug_str     0x00002bde     0x1126 ./emlib/em_lesense.o
                               0x159d (size before relaxing)
 .debug_str     0x00003d04       0xeb ./emlib/em_rtc.o
                                0x2e1 (size before relaxing)
 .debug_str     0x00003def      0x1f2 ./emlib/em_vcmp.o
                                0x3d3 (size before relaxing)
 .debug_str     0x00003fe1      0x320 ./Drivers/caplesense.o
                               0x1b0f (size before relaxing)
 .debug_str     0x00004301      0x4c7 ./Drivers/em_usart.o
                                0xdfa (size before relaxing)
 .debug_str     0x000047c8      0x4d5 ./Drivers/retargetserial.o
                               0x120f (size before relaxing)
 .debug_str     0x00004c9d      0x313 ./Drivers/rtcdriver.o
                                0xbc4 (size before relaxing)
 .debug_str     0x00004fb0      0x365 ./Drivers/segmentlcd.o
                                0xe32 (size before relaxing)
 .debug_str     0x00005315       0xc8 ./Drivers/vddcheck.o
                                0x651 (size before relaxing)
 .debug_str     0x000053dd      0x158 ./CMSIS/efm32wg/system_efm32wg.o
                                0x50e (size before relaxing)
 .debug_str     0x00005535      0x1e0 ./BSP/bsp_trace.o
                                0x7e0 (size before relaxing)

.debug_frame    0x00000000     0x25c4
 .debug_frame   0x00000000      0x29c ./src/touchdemo.o
 .debug_frame   0x0000029c      0x138 ./emlib/em_acmp.o
 .debug_frame   0x000003d4      0x448 ./emlib/em_cmu.o
 .debug_frame   0x0000081c      0x210 ./emlib/em_emu.o
 .debug_frame   0x00000a2c      0x154 ./emlib/em_gpio.o
 .debug_frame   0x00000b80      0x1fc ./emlib/em_lcd.o
 .debug_frame   0x00000d7c      0x284 ./emlib/em_lesense.o
 .debug_frame   0x00001000       0xf0 ./emlib/em_rtc.o
 .debug_frame   0x000010f0       0x9c ./emlib/em_vcmp.o
 .debug_frame   0x0000118c      0x298 ./Drivers/caplesense.o
 .debug_frame   0x00001424      0x27c ./Drivers/em_usart.o
 .debug_frame   0x000016a0      0x154 ./Drivers/retargetserial.o
 .debug_frame   0x000017f4      0x2e4 ./Drivers/rtcdriver.o
 .debug_frame   0x00001ad8      0x28c ./Drivers/segmentlcd.o
 .debug_frame   0x00001d64       0xd0 ./Drivers/vddcheck.o
 .debug_frame   0x00001e34      0x138 ./CMSIS/efm32wg/system_efm32wg.o
 .debug_frame   0x00001f6c       0x50 ./BSP/bsp_trace.o
 .debug_frame   0x00001fbc       0x50 c:/siliconlabs/simplicitystudio/v3/developer/toolchains/gnu_arm/4.8_2013q4/bin/../lib/gcc/arm-none-eabi/4.8.3/armv7e-m/softfp\libgcc.a(bpabi.o)
 .debug_frame   0x0000200c       0x34 c:/siliconlabs/simplicitystudio/v3/developer/toolchains/gnu_arm/4.8_2013q4/bin/../lib/gcc/arm-none-eabi/4.8.3/armv7e-m/softfp\libgcc.a(_divdi3.o)
 .debug_frame   0x00002040       0x34 c:/siliconlabs/simplicitystudio/v3/developer/toolchains/gnu_arm/4.8_2013q4/bin/../lib/gcc/arm-none-eabi/4.8.3/armv7e-m/softfp\libgcc.a(_udivdi3.o)
 .debug_frame   0x00002074       0x20 c:/siliconlabs/simplicitystudio/v3/developer/toolchains/gnu_arm/4.8_2013q4/bin/../lib/gcc/arm-none-eabi/4.8.3/../../../../arm-none-eabi/lib/armv7e-m/softfp\libc_s.a(lib_a-abs.o)
 .debug_frame   0x00002094       0x28 c:/siliconlabs/simplicitystudio/v3/developer/toolchains/gnu_arm/4.8_2013q4/bin/../lib/gcc/arm-none-eabi/4.8.3/../../../../arm-none-eabi/lib/armv7e-m/softfp\libc_s.a(lib_a-exit.o)
 .debug_frame   0x000020bc       0x2c c:/siliconlabs/simplicitystudio/v3/developer/toolchains/gnu_arm/4.8_2013q4/bin/../lib/gcc/arm-none-eabi/4.8.3/../../../../arm-none-eabi/lib/armv7e-m/softfp\libc_s.a(lib_a-init.o)
 .debug_frame   0x000020e8       0x20 c:/siliconlabs/simplicitystudio/v3/developer/toolchains/gnu_arm/4.8_2013q4/bin/../lib/gcc/arm-none-eabi/4.8.3/../../../../arm-none-eabi/lib/armv7e-m/softfp\libc_s.a(lib_a-memset.o)
 .debug_frame   0x00002108       0x58 c:/siliconlabs/simplicitystudio/v3/developer/toolchains/gnu_arm/4.8_2013q4/bin/../lib/gcc/arm-none-eabi/4.8.3/../../../../arm-none-eabi/lib/armv7e-m/softfp\libc_s.a(lib_a-snprintf.o)
 .debug_frame   0x00002160       0x58 c:/siliconlabs/simplicitystudio/v3/developer/toolchains/gnu_arm/4.8_2013q4/bin/../lib/gcc/arm-none-eabi/4.8.3/../../../../arm-none-eabi/lib/armv7e-m/softfp\libc_s.a(lib_a-sprintf.o)
 .debug_frame   0x000021b8       0x20 c:/siliconlabs/simplicitystudio/v3/developer/toolchains/gnu_arm/4.8_2013q4/bin/../lib/gcc/arm-none-eabi/4.8.3/../../../../arm-none-eabi/lib/armv7e-m/softfp\libc_s.a(lib_a-strlen.o)
 .debug_frame   0x000021d8       0x88 c:/siliconlabs/simplicitystudio/v3/developer/toolchains/gnu_arm/4.8_2013q4/bin/../lib/gcc/arm-none-eabi/4.8.3/../../../../arm-none-eabi/lib/armv7e-m/softfp\libc_s.a(lib_a-svfprintf.o)
 .debug_frame   0x00002260       0x60 c:/siliconlabs/simplicitystudio/v3/developer/toolchains/gnu_arm/4.8_2013q4/bin/../lib/gcc/arm-none-eabi/4.8.3/../../../../arm-none-eabi/lib/armv7e-m/softfp\libc_s.a(lib_a-vfprintf_i.o)
 .debug_frame   0x000022c0      0x12c c:/siliconlabs/simplicitystudio/v3/developer/toolchains/gnu_arm/4.8_2013q4/bin/../lib/gcc/arm-none-eabi/4.8.3/../../../../arm-none-eabi/lib/armv7e-m/softfp\libc_s.a(lib_a-findfp.o)
 .debug_frame   0x000023ec       0x28 c:/siliconlabs/simplicitystudio/v3/developer/toolchains/gnu_arm/4.8_2013q4/bin/../lib/gcc/arm-none-eabi/4.8.3/../../../../arm-none-eabi/lib/armv7e-m/softfp\libc_s.a(lib_a-memchr-stub.o)
 .debug_frame   0x00002414       0x28 c:/siliconlabs/simplicitystudio/v3/developer/toolchains/gnu_arm/4.8_2013q4/bin/../lib/gcc/arm-none-eabi/4.8.3/../../../../arm-none-eabi/lib/armv7e-m/softfp\libc_s.a(lib_a-memcpy-stub.o)
 .debug_frame   0x0000243c       0x2c c:/siliconlabs/simplicitystudio/v3/developer/toolchains/gnu_arm/4.8_2013q4/bin/../lib/gcc/arm-none-eabi/4.8.3/../../../../arm-none-eabi/lib/armv7e-m/softfp\libc_s.a(lib_a-memmove.o)
 .debug_frame   0x00002468       0x2c c:/siliconlabs/simplicitystudio/v3/developer/toolchains/gnu_arm/4.8_2013q4/bin/../lib/gcc/arm-none-eabi/4.8.3/../../../../arm-none-eabi/lib/armv7e-m/softfp\libc_s.a(lib_a-nano-freer.o)
 .debug_frame   0x00002494       0x2c c:/siliconlabs/simplicitystudio/v3/developer/toolchains/gnu_arm/4.8_2013q4/bin/../lib/gcc/arm-none-eabi/4.8.3/../../../../arm-none-eabi/lib/armv7e-m/softfp\libc_s.a(lib_a-nano-mallocr.o)
 .debug_frame   0x000024c0       0x30 c:/siliconlabs/simplicitystudio/v3/developer/toolchains/gnu_arm/4.8_2013q4/bin/../lib/gcc/arm-none-eabi/4.8.3/../../../../arm-none-eabi/lib/armv7e-m/softfp\libc_s.a(lib_a-nano-reallocr.o)
 .debug_frame   0x000024f0       0x2c c:/siliconlabs/simplicitystudio/v3/developer/toolchains/gnu_arm/4.8_2013q4/bin/../lib/gcc/arm-none-eabi/4.8.3/../../../../arm-none-eabi/lib/armv7e-m/softfp\libc_s.a(lib_a-sbrkr.o)
 .debug_frame   0x0000251c       0x20 c:/siliconlabs/simplicitystudio/v3/developer/toolchains/gnu_arm/4.8_2013q4/bin/../lib/gcc/arm-none-eabi/4.8.3/../../../../arm-none-eabi/lib/armv7e-m/softfp\libc_s.a(lib_a-nano-msizer.o)
 .debug_frame   0x0000253c       0x48 c:/siliconlabs/simplicitystudio/v3/developer/toolchains/gnu_arm/4.8_2013q4/bin/../lib/gcc/arm-none-eabi/4.8.3/../../../../arm-none-eabi/lib/armv7e-m/softfp\libc_s.a(lib_a-reent.o)
 .debug_frame   0x00002584       0x20 c:/siliconlabs/simplicitystudio/v3/developer/toolchains/gnu_arm/4.8_2013q4/bin/../lib/gcc/arm-none-eabi/4.8.3/../../../../arm-none-eabi/lib/armv7e-m/softfp\libnosys.a(sbrk.o)
 .debug_frame   0x000025a4       0x20 c:/siliconlabs/simplicitystudio/v3/developer/toolchains/gnu_arm/4.8_2013q4/bin/../lib/gcc/arm-none-eabi/4.8.3/../../../../arm-none-eabi/lib/armv7e-m/softfp\libnosys.a(_exit.o)

.stabstr        0x00000000       0xdf
 .stabstr       0x00000000       0xdf c:/siliconlabs/simplicitystudio/v3/developer/toolchains/gnu_arm/4.8_2013q4/bin/../lib/gcc/arm-none-eabi/4.8.3/../../../../arm-none-eabi/lib/armv7e-m/softfp\libnosys.a(close.o)
